<html>
<body>
<pre>
<h1>礦ision Build Log</h1>
<h2>Tool Versions:</h2>
IDE-Version: μVision V5.39.0.0
Copyright (C) 2023 ARM Ltd and ARM Germany GmbH. All rights reserved.
License Information: 1 11, 1, LIC=ZB4EI-T559D-9UK4U-S0FFZ-UHXEX-AT8US
 
Tool Versions:
Toolchain:       MDK-ARM Plus  Version: 5.39.0.0
Toolchain Path:  D:\keil\ARM\ARMCC\Bin
C Compiler:      Armcc.exe V5.05 update 1 (build 106)
Assembler:       Armasm.exe V5.05 update 1 (build 106)
Linker/Locator:  ArmLink.exe V5.05 update 1 (build 106)
Library Manager: ArmAr.exe V5.05 update 1 (build 106)
Hex Converter:   FromElf.exe V5.05 update 1 (build 106)
CPU DLL:         SARMCM3.DLL V5.39.0.0
Dialog DLL:      DARMCM1.DLL V1.19.6.0
Target DLL:      STLink\ST-LINKIII-KEIL_SWO.dll V3.2.0.0
Dialog DLL:      TARMCM1.DLL V1.14.6.0
 
<h2>Project:</h2>
D:\work\NFC02项目相关\添加看门狗程序，以及添加工厂超时退出功能-2026.01.29\NFC02-MID-V01-app - 添加看门狗功能和工厂超时退出功能\MDK-ARM\NFC02_MID.uvprojx
Project File Date:  01/29/2026

<h2>Output:</h2>
*** Using Compiler 'V5.05 update 1 (build 106)', folder: 'D:\keil\ARM\ARMCC\Bin'
Rebuild target 'NFC02_MID'
assembling startup_stm32g070xx.s...
compiling stm32g0xx_hal_msp.c...
compiling dma.c...
compiling iwdg.c...
compiling crc.c...
compiling stm32g0xx_it.c...
compiling gpio.c...
compiling i2c.c...
compiling delay.c...
compiling tim.c...
compiling main.c...
compiling usart.c...
compiling stm32g0xx_ll_rcc.c...
compiling stm32g0xx_hal_crc_ex.c...
compiling verify.c...
compiling stm32g0xx_hal_crc.c...
compiling stm32g0xx_hal_gpio.c...
compiling stm32g0xx_hal_flash_ex.c...
compiling stm32g0xx_hal_rcc_ex.c...
compiling EEPROM.c...
compiling stm32g0xx_hal_rcc.c...
compiling stm32g0xx_hal_flash.c...
compiling factory.c...
compiling nfc.c...
compiling stm32g0xx_hal.c...
compiling stm32g0xx_hal_dma_ex.c...
compiling stm32g0xx_hal_iwdg.c...
compiling stm32g0xx_hal_pwr_ex.c...
compiling stm32g0xx_hal_cortex.c...
compiling stm32g0xx_hal_i2c_ex.c...
compiling stm32g0xx_hal_pwr.c...
compiling stm32g0xx_hal_exti.c...
compiling phalI15693.c...
compiling stm32g0xx_hal_dma.c...
compiling phhalHw_Rc663_Wait.c...
compiling phhalHw_Rc663_Cmd.c...
compiling phhalHw_Rc663.c...
compiling phhalHw_Rc663_Int.c...
compiling stm32g0xx_hal_i2c.c...
compiling phhalHw.c...
compiling phhalHw_Callback.c...
compiling phKeyStore_Rc663.c...
compiling phKeyStore.c...
compiling phpalI14443p3a.c...
compiling phpalI14443p4.c...
compiling phpalI14443p3a_Sw.c...
compiling phpalI14443p4a.c...
compiling stm32g0xx_hal_tim.c...
compiling phpalI14443p4_Sw.c...
compiling phpalI14443p4a_Sw.c...
compiling phpalSli15693.c...
compiling phTools.c...
compiling phalI15693_Sw.c...
compiling phbalReg.c...
compiling phbalReg_Stub.c...
compiling phpalSli15693_Sw.c...
compiling system_stm32g0xx.c...
compiling led.c...
compiling OS8110.c...
compiling IOLDS_PL_GPIO.c...
compiling IOLDS_PL_I2C.c...
compiling IOLDS_PL_Timer.c...
compiling stm32g0xx_hal_uart_ex.c...
compiling rs485.c...
compiling RegCtl_SpiHw.c...
compiling stm32g0xx_hal_uart.c...
compiling stm32g0xx_hal_tim_ex.c...
compiling IOLDS_LL_COMM.c...
compiling IOLDS_APP_ISDU.c...
compiling IOLDS_APP_DataStorage.c...
compiling IOLDS_LL_PDio.c...
compiling IOLDS_LL_Event.c...
compiling IOLDS_LL_Timer.c...
compiling IOLDS_LL_Storage.c...
compiling IOLDS_LL_ISDU.c...
compiling IOLDS_APP_Event.c...
compiling IOLDS_LL_StateJump.c...
compiling IOLDS_PL_UART.c...
compiling IOLDS_APP_PDservice.c...
linking...
Program Size: Code=46060 RO-data=1144 RW-data=168 ZI-data=6216  
FromELF: creating hex file...
After Build - User command #1: fromelf --bin -o "..\Output\NFC02_MID.bin" "..\Output\NFC02_MID.axf"
"..\Output\NFC02_MID.axf" - 0 Error(s), 0 Warning(s).

<h2>Software Packages used:</h2>

Package Vendor: ARM
                http://www.keil.com/pack/ARM.CMSIS.5.9.0.pack
                ARM::CMSIS@5.9.0
                CMSIS (Common Microcontroller Software Interface Standard)
   * Component: CORE Version: 5.6.0

Package Vendor: Keil
                http://www.keil.com/pack/Keil.STM32G0xx_DFP.1.4.0.pack
                Keil::STM32G0xx_DFP@1.4.0
                STMicroelectronics STM32G0 Series Device Support

<h2>Collection of Component include folders:</h2>
  ./RTE/_NFC02_MID
  D:/keil/ARM/Pack/ARM/CMSIS/5.9.0/CMSIS/Core/Include
  D:/keil/ARM/Pack/Keil/STM32G0xx_DFP/1.4.0/Drivers/CMSIS/Device/ST/STM32G0xx/Include

<h2>Collection of Component Files used:</h2>

   * Component: ARM::CMSIS:CORE@5.6.0
      Include file:  CMSIS/Core/Include/tz_context.h
Build Time Elapsed:  00:00:13
</pre>
</body>
</html>
