*** Using Compiler 'V5.06 update 7 (build 960)', folder: 'C:\Keil_v5\ARM\ARMCC\Bin'
Rebuild target 'Target 1'
compiling core_cm3.c...
assembling startup_stm32f10x_hd.s...
compiling timer.c...
compiling led.c...
compiling usart.c...
compiling at.c...
compiling delay.c...
compiling stmflash.c...
compiling stm32f10x_it.c...
compiling main.c...
compiling system_stm32f10x.c...
compiling sys.c...
compiling stm32f10x_gpio.c...
compiling misc.c...
compiling stm32f10x_usart.c...
compiling iap.c...
compiling stm32f10x_rcc.c...
compiling stm32f10x_flash.c...
compiling stm32f10x_tim.c...
linking...
Program Size: Code=10468 RO-data=336 RW-data=68 ZI-data=9148  
FromELF: creating hex file...
"..\OBJ\STMFLASH.axf" - 0 Error(s), 0 Warning(s).
Build Time Elapsed:  00:00:02
