Component: ARM Compiler 5.05 update 1 (build 106) Tool: armlink [4d0efa]

==============================================================================

Section Cross References

    main.o(i.SystemClock_Config) refers to rt_memclr.o(.text) for __aeabi_memclr4
    main.o(i.SystemClock_Config) refers to stm32g0xx_hal_pwr_ex.o(i.HAL_PWREx_ControlVoltageScaling) for HAL_PWREx_ControlVoltageScaling
    main.o(i.SystemClock_Config) refers to stm32g0xx_hal_rcc.o(i.HAL_RCC_OscConfig) for HAL_RCC_OscConfig
    main.o(i.SystemClock_Config) refers to main.o(i.Error_Handler) for Error_Handler
    main.o(i.SystemClock_Config) refers to stm32g0xx_hal_rcc.o(i.HAL_RCC_ClockConfig) for HAL_RCC_ClockConfig
    main.o(i.main) refers to stm32g0xx_hal.o(i.HAL_Init) for HAL_Init
    main.o(i.main) refers to main.o(i.SystemClock_Config) for SystemClock_Config
    main.o(i.main) refers to gpio.o(i.MX_GPIO_Init) for MX_GPIO_Init
    main.o(i.main) refers to dma.o(i.MX_DMA_Init) for MX_DMA_Init
    main.o(i.main) refers to crc.o(i.MX_CRC_Init) for MX_CRC_Init
    main.o(i.main) refers to i2c.o(i.MX_I2C1_Init) for MX_I2C1_Init
    main.o(i.main) refers to iwdg.o(i.MX_IWDG_Init) for MX_IWDG_Init
    main.o(i.main) refers to tim.o(i.MX_TIM1_Init) for MX_TIM1_Init
    main.o(i.main) refers to tim.o(i.MX_TIM3_Init) for MX_TIM3_Init
    main.o(i.main) refers to usart.o(i.MX_USART1_UART_Init) for MX_USART1_UART_Init
    main.o(i.main) refers to usart.o(i.MX_USART3_UART_Init) for MX_USART3_UART_Init
    gpio.o(i.MX_GPIO_Init) refers to rt_memclr.o(.text) for __aeabi_memclr4
    gpio.o(i.MX_GPIO_Init) refers to stm32g0xx_hal_gpio.o(i.HAL_GPIO_WritePin) for HAL_GPIO_WritePin
    gpio.o(i.MX_GPIO_Init) refers to stm32g0xx_hal_gpio.o(i.HAL_GPIO_Init) for HAL_GPIO_Init
    crc.o(i.MX_CRC_Init) refers to stm32g0xx_hal_crc.o(i.HAL_CRC_Init) for HAL_CRC_Init
    crc.o(i.MX_CRC_Init) refers to main.o(i.Error_Handler) for Error_Handler
    crc.o(i.MX_CRC_Init) refers to crc.o(.bss) for hcrc
    dma.o(i.MX_DMA_Init) refers to stm32g0xx_hal_cortex.o(i.HAL_NVIC_SetPriority) for HAL_NVIC_SetPriority
    dma.o(i.MX_DMA_Init) refers to stm32g0xx_hal_cortex.o(i.HAL_NVIC_EnableIRQ) for HAL_NVIC_EnableIRQ
    i2c.o(i.HAL_I2C_MspDeInit) refers to stm32g0xx_hal_gpio.o(i.HAL_GPIO_DeInit) for HAL_GPIO_DeInit
    i2c.o(i.HAL_I2C_MspDeInit) refers to stm32g0xx_hal_cortex.o(i.HAL_NVIC_DisableIRQ) for HAL_NVIC_DisableIRQ
    i2c.o(i.HAL_I2C_MspInit) refers to rt_memclr.o(.text) for __aeabi_memclr4
    i2c.o(i.HAL_I2C_MspInit) refers to stm32g0xx_hal_rcc_ex.o(i.HAL_RCCEx_PeriphCLKConfig) for HAL_RCCEx_PeriphCLKConfig
    i2c.o(i.HAL_I2C_MspInit) refers to main.o(i.Error_Handler) for Error_Handler
    i2c.o(i.HAL_I2C_MspInit) refers to stm32g0xx_hal_gpio.o(i.HAL_GPIO_Init) for HAL_GPIO_Init
    i2c.o(i.HAL_I2C_MspInit) refers to stm32g0xx_hal_cortex.o(i.HAL_NVIC_SetPriority) for HAL_NVIC_SetPriority
    i2c.o(i.HAL_I2C_MspInit) refers to stm32g0xx_hal_cortex.o(i.HAL_NVIC_EnableIRQ) for HAL_NVIC_EnableIRQ
    i2c.o(i.MX_I2C1_Init) refers to stm32g0xx_hal_i2c.o(i.HAL_I2C_Init) for HAL_I2C_Init
    i2c.o(i.MX_I2C1_Init) refers to main.o(i.Error_Handler) for Error_Handler
    i2c.o(i.MX_I2C1_Init) refers to stm32g0xx_hal_i2c_ex.o(i.HAL_I2CEx_ConfigAnalogFilter) for HAL_I2CEx_ConfigAnalogFilter
    i2c.o(i.MX_I2C1_Init) refers to stm32g0xx_hal_i2c_ex.o(i.HAL_I2CEx_ConfigDigitalFilter) for HAL_I2CEx_ConfigDigitalFilter
    i2c.o(i.MX_I2C1_Init) refers to i2c.o(.bss) for hi2c1
    iwdg.o(i.MX_IWDG_Init) refers to stm32g0xx_hal_iwdg.o(i.HAL_IWDG_Init) for HAL_IWDG_Init
    iwdg.o(i.MX_IWDG_Init) refers to main.o(i.Error_Handler) for Error_Handler
    iwdg.o(i.MX_IWDG_Init) refers to iwdg.o(.bss) for hiwdg
    tim.o(i.HAL_TIM_Base_MspDeInit) refers to stm32g0xx_hal_cortex.o(i.HAL_NVIC_DisableIRQ) for HAL_NVIC_DisableIRQ
    tim.o(i.HAL_TIM_Base_MspInit) refers to stm32g0xx_hal_cortex.o(i.HAL_NVIC_SetPriority) for HAL_NVIC_SetPriority
    tim.o(i.HAL_TIM_Base_MspInit) refers to stm32g0xx_hal_cortex.o(i.HAL_NVIC_EnableIRQ) for HAL_NVIC_EnableIRQ
    tim.o(i.MX_TIM1_Init) refers to stm32g0xx_hal_tim.o(i.HAL_TIM_Base_Init) for HAL_TIM_Base_Init
    tim.o(i.MX_TIM1_Init) refers to main.o(i.Error_Handler) for Error_Handler
    tim.o(i.MX_TIM1_Init) refers to stm32g0xx_hal_tim.o(i.HAL_TIM_ConfigClockSource) for HAL_TIM_ConfigClockSource
    tim.o(i.MX_TIM1_Init) refers to stm32g0xx_hal_tim_ex.o(i.HAL_TIMEx_MasterConfigSynchronization) for HAL_TIMEx_MasterConfigSynchronization
    tim.o(i.MX_TIM1_Init) refers to tim.o(.bss) for htim1
    tim.o(i.MX_TIM3_Init) refers to stm32g0xx_hal_tim.o(i.HAL_TIM_Base_Init) for HAL_TIM_Base_Init
    tim.o(i.MX_TIM3_Init) refers to main.o(i.Error_Handler) for Error_Handler
    tim.o(i.MX_TIM3_Init) refers to stm32g0xx_hal_tim.o(i.HAL_TIM_ConfigClockSource) for HAL_TIM_ConfigClockSource
    tim.o(i.MX_TIM3_Init) refers to stm32g0xx_hal_tim_ex.o(i.HAL_TIMEx_MasterConfigSynchronization) for HAL_TIMEx_MasterConfigSynchronization
[...]
    ../Drivers/STM32G0xx_HAL_Driver/Src/stm32g0xx_hal_rcc.c 0x00000000   Number         0  stm32g0xx_hal_rcc.o ABSOLUTE
    ../Drivers/STM32G0xx_HAL_Driver/Src/stm32g0xx_hal_rcc_ex.c 0x00000000   Number         0  stm32g0xx_hal_rcc_ex.o ABSOLUTE
    ../Drivers/STM32G0xx_HAL_Driver/Src/stm32g0xx_hal_tim.c 0x00000000   Number         0  stm32g0xx_hal_tim.o ABSOLUTE
    ../Drivers/STM32G0xx_HAL_Driver/Src/stm32g0xx_hal_tim_ex.c 0x00000000   Number         0  stm32g0xx_hal_tim_ex.o ABSOLUTE
    ../Drivers/STM32G0xx_HAL_Driver/Src/stm32g0xx_hal_uart.c 0x00000000   Number         0  stm32g0xx_hal_uart.o ABSOLUTE
    ../Drivers/STM32G0xx_HAL_Driver/Src/stm32g0xx_hal_uart_ex.c 0x00000000   Number         0  stm32g0xx_hal_uart_ex.o ABSOLUTE
    ../Drivers/STM32G0xx_HAL_Driver/Src/stm32g0xx_ll_rcc.c 0x00000000   Number         0  stm32g0xx_ll_rcc.o ABSOLUTE
    ../clib/angel/boardlib.s                 0x00000000   Number         0  boardinit1.o ABSOLUTE
    ../clib/angel/boardlib.s                 0x00000000   Number         0  boardshut.o ABSOLUTE
    ../clib/angel/boardlib.s                 0x00000000   Number         0  boardinit2.o ABSOLUTE
    ../clib/angel/boardlib.s                 0x00000000   Number         0  boardinit3.o ABSOLUTE
    ../clib/angel/handlers.s                 0x00000000   Number         0  __scatter_zi.o ABSOLUTE
    ../clib/angel/handlers.s                 0x00000000   Number         0  __scatter_copy.o ABSOLUTE
    ../clib/angel/kernel.s                   0x00000000   Number         0  rtexit2.o ABSOLUTE
    ../clib/angel/kernel.s                   0x00000000   Number         0  __rtentry2.o ABSOLUTE
    ../clib/angel/kernel.s                   0x00000000   Number         0  __rtentry4.o ABSOLUTE
    ../clib/angel/kernel.s                   0x00000000   Number         0  __rtentry.o ABSOLUTE
    ../clib/angel/kernel.s                   0x00000000   Number         0  rtexit.o ABSOLUTE
    ../clib/angel/rt.s                       0x00000000   Number         0  rt_div0.o ABSOLUTE
    ../clib/angel/rt.s                       0x00000000   Number         0  aeabi_idiv0_sigfpe.o ABSOLUTE
    ../clib/angel/rt.s                       0x00000000   Number         0  rt_raise.o ABSOLUTE
    ../clib/angel/rt.s                       0x00000000   Number         0  aeabi_idiv0.o ABSOLUTE
    ../clib/angel/scatterp.s                 0x00000000   Number         0  __scatter.o ABSOLUTE
    ../clib/angel/startup.s                  0x00000000   Number         0  __main.o ABSOLUTE
    ../clib/angel/sys.s                      0x00000000   Number         0  indicate_semi.o ABSOLUTE
    ../clib/angel/sys.s                      0x00000000   Number         0  sys_stackheap_outer.o ABSOLUTE
    ../clib/angel/sys.s                      0x00000000   Number         0  tempstk.o ABSOLUTE
    ../clib/angel/sys.s                      0x00000000   Number         0  libspace.o ABSOLUTE
    ../clib/angel/sys.s                      0x00000000   Number         0  use_no_semi.o ABSOLUTE
    ../clib/angel/sysapp.c                   0x00000000   Number         0  sys_command.o ABSOLUTE
    ../clib/angel/sysapp.c                   0x00000000   Number         0  sys_exit.o ABSOLUTE
    ../clib/angel/sysapp.c                   0x00000000   Number         0  sys_wrch.o ABSOLUTE
    ../clib/armsys.c                         0x00000000   Number         0  no_argv.o ABSOLUTE
    ../clib/armsys.c                         0x00000000   Number         0  _get_argv_nomalloc.o ABSOLUTE
    ../clib/armsys.c                         0x00000000   Number         0  argv_veneer.o ABSOLUTE
    ../clib/division.s                       0x00000000   Number         0  aeabi_sdiv.o ABSOLUTE
    ../clib/division.s                       0x00000000   Number         0  aeabi_sdiv_div0.o ABSOLUTE
    ../clib/heapalloc.c                      0x00000000   Number         0  hrguard.o ABSOLUTE
    ../clib/heapaux.c                        0x00000000   Number         0  heapauxi.o ABSOLUTE
    ../clib/libinit.s                        0x00000000   Number         0  libinit.o ABSOLUTE
    ../clib/libinit.s                        0x00000000   Number         0  libshutdown2.o ABSOLUTE
    ../clib/libinit.s                        0x00000000   Number         0  libinit2.o ABSOLUTE
    ../clib/libinit.s                        0x00000000   Number         0  libshutdown.o ABSOLUTE
    ../clib/memcpset.c                       0x00000000   Number         0  rt_memcpy.o ABSOLUTE
    ../clib/memcpset.c                       0x00000000   Number         0  rt_memcpy.o ABSOLUTE
    ../clib/memcpset.c                       0x00000000   Number         0  rt_memclr.o ABSOLUTE
    ../clib/signal.c                         0x00000000   Number         0  defsig_rtmem_formal.o ABSOLUTE
    ../clib/signal.c                         0x00000000   Number         0  defsig_other.o ABSOLUTE
    ../clib/signal.c                         0x00000000   Number         0  defsig_rtmem_inner.o ABSOLUTE
    ../clib/signal.c                         0x00000000   Number         0  defsig_fpe_outer.o ABSOLUTE
    ../clib/signal.c                         0x00000000   Number         0  defsig_segv_inner.o ABSOLUTE
    ../clib/signal.c                         0x00000000   Number         0  defsig_rtmem_outer.o ABSOLUTE
    ../clib/signal.c                         0x00000000   Number         0  defsig_fpe_formal.o ABSOLUTE
    ../clib/signal.c                         0x00000000   Number         0  defsig_cppl_inner.o ABSOLUTE
    ../clib/signal.c                         0x00000000   Number         0  defsig_exit.o ABSOLUTE
    ../clib/signal.c                         0x00000000   Number         0  defsig_pvfn_inner.o ABSOLUTE
    ../clib/signal.c                         0x00000000   Number         0  defsig_fpe_inner.o ABSOLUTE
    ../clib/signal.c                         0x00000000   Number         0  defsig_stak_inner.o ABSOLUTE
    ../clib/signal.c                         0x00000000   Number         0  __raise.o ABSOLUTE
    ../clib/signal.c                         0x00000000   Number         0  defsig_general.o ABSOLUTE
    ../clib/signal.c                         0x00000000   Number         0  defsig_abrt_inner.o ABSOLUTE
    ../clib/signal.c                         0x00000000   Number         0  defsig_rtred_inner.o ABSOLUTE
    ../clib/signal.s                         0x00000000   Number         0  defsig.o ABSOLUTE
    ../clib/stdlib.c                         0x00000000   Number         0  exit.o ABSOLUTE
    ../clib/string.c                         0x00000000   Number         0  memcmp.o ABSOLUTE
    ../fplib/cfplib/cmpret.c                 0x00000000   Number         0  cmpret.o ABSOLUTE
    ../fplib/cfplib/fcmpin.c                 0x00000000   Number         0  fcmpin.o ABSOLUTE
    ../fplib/cfplib/fdiv.c                   0x00000000   Number         0  fdiv.o ABSOLUTE
    ../fplib/cfplib/ffix.c                   0x00000000   Number         0  ffixui.o ABSOLUTE
    ../fplib/cfplib/fflt.c                   0x00000000   Number         0  fflti.o ABSOLUTE
    ../fplib/cfplib/fpinit.c                 0x00000000   Number         0  fpinit.o ABSOLUTE
    ../fplib/cfplib/nan2.c                   0x00000000   Number         0  fnan2.o ABSOLUTE
    ../fplib/cfplib/retnan.c                 0x00000000   Number         0  retnan.o ABSOLUTE
    ../fplib/faddsub6m.s                     0x00000000   Number         0  faddsub.o ABSOLUTE
    ../fplib/fleqf6m.s                       0x00000000   Number         0  flef.o ABSOLUTE
    ../fplib/fmul6m.s                        0x00000000   Number         0  fmul.o ABSOLUTE
    ../fplib/frleqf6m.s                      0x00000000   Number         0  frlef.o ABSOLUTE
    ../fplib/usenofp.s                       0x00000000   Number         0  usenofp.o ABSOLUTE
    ..\CLRC663\comps\phKeyStore\src\Rc663\phKeyStore_Rc663.c 0x00000000   Number         0  phkeystore_rc663.o ABSOLUTE
    ..\CLRC663\comps\phKeyStore\src\phKeyStore.c 0x00000000   Number         0  phkeystore.o ABSOLUTE
    ..\CLRC663\comps\phTools\src\phTools.c   0x00000000   Number         0  phtools.o ABSOLUTE
    ..\CLRC663\comps\phalI15693\src\Sw\phalI15693_Sw.c 0x00000000   Number         0  phali15693_sw.o ABSOLUTE
    ..\CLRC663\comps\phalI15693\src\phalI15693.c 0x00000000   Number         0  phali15693.o ABSOLUTE
    ..\CLRC663\comps\phbalReg\src\Stub\phbalReg_Stub.c 0x00000000   Number         0  phbalreg_stub.o ABSOLUTE
    ..\CLRC663\comps\phbalReg\src\phbalReg.c 0x00000000   Number         0  phbalreg.o ABSOLUTE
    ..\CLRC663\comps\phhalHw\src\Callback\phhalHw_Callback.c 0x00000000   Number         0  phhalhw_callback.o ABSOLUTE
    ..\CLRC663\comps\phhalHw\src\Rc663\phhalHw_Rc663.c 0x00000000   Number         0  phhalhw_rc663.o ABSOLUTE
    ..\CLRC663\comps\phhalHw\src\Rc663\phhalHw_Rc663_Cmd.c 0x00000000   Number         0  phhalhw_rc663_cmd.o ABSOLUTE
    ..\CLRC663\comps\phhalHw\src\Rc663\phhalHw_Rc663_Int.c 0x00000000   Number         0  phhalhw_rc663_int.o ABSOLUTE
    ..\CLRC663\comps\phhalHw\src\Rc663\phhalHw_Rc663_Wait.c 0x00000000   Number         0  phhalhw_rc663_wait.o ABSOLUTE
    ..\CLRC663\comps\phhalHw\src\phhalHw.c   0x00000000   Number         0  phhalhw.o ABSOLUTE
    ..\CLRC663\comps\phpalI14443p3a\src\Sw\phpalI14443p3a_Sw.c 0x00000000   Number         0  phpali14443p3a_sw.o ABSOLUTE
    ..\CLRC663\comps\phpalI14443p3a\src\phpalI14443p3a.c 0x00000000   Number         0  phpali14443p3a.o ABSOLUTE
    ..\CLRC663\comps\phpalI14443p4\src\Sw\phpalI14443p4_Sw.c 0x00000000   Number         0  phpali14443p4_sw.o ABSOLUTE
    ..\CLRC663\comps\phpalI14443p4\src\phpalI14443p4.c 0x00000000   Number         0  phpali14443p4.o ABSOLUTE
    ..\CLRC663\comps\phpalI14443p4a\src\Sw\phpalI14443p4a_Sw.c 0x00000000   Number         0  phpali14443p4a_sw.o ABSOLUTE
    ..\CLRC663\comps\phpalI14443p4a\src\phpalI14443p4a.c 0x00000000   Number         0  phpali14443p4a.o ABSOLUTE
    ..\CLRC663\comps\phpalSli15693\src\Sw\phpalSli15693_Sw.c 0x00000000   Number         0  phpalsli15693_sw.o ABSOLUTE
    ..\CLRC663\comps\phpalSli15693\src\phpalSli15693.c 0x00000000   Number         0  phpalsli15693.o ABSOLUTE
    ..\CLRC663\phSubBal\src\RegCtl_SpiHw.c   0x00000000   Number         0  regctl_spihw.o ABSOLUTE
    ..\Core\Src\crc.c                        0x00000000   Number         0  crc.o ABSOLUTE
    ..\Core\Src\dma.c                        0x00000000   Number         0  dma.o ABSOLUTE
    ..\Core\Src\gpio.c                       0x00000000   Number         0  gpio.o ABSOLUTE
    ..\Core\Src\i2c.c                        0x00000000   Number         0  i2c.o ABSOLUTE
    ..\Core\Src\iap.c                        0x00000000   Number         0  iap.o ABSOLUTE
    ..\Core\Src\iwdg.c                       0x00000000   Number         0  iwdg.o ABSOLUTE
    ..\Core\Src\main.c                       0x00000000   Number         0  main.o ABSOLUTE
    ..\Core\Src\startup_stm32g070xx.s        0x00000000   Number         0  startup_stm32g070xx.o ABSOLUTE
    ..\Core\Src\stm32g0xx_hal_msp.c          0x00000000   Number         0  stm32g0xx_hal_msp.o ABSOLUTE
    ..\Core\Src\stm32g0xx_it.c               0x00000000   Number         0  stm32g0xx_it.o ABSOLUTE
    ..\Core\Src\system_stm32g0xx.c           0x00000000   Number         0  system_stm32g0xx.o ABSOLUTE
    ..\Core\Src\tim.c                        0x00000000   Number         0  tim.o ABSOLUTE
    ..\Core\Src\usart.c                      0x00000000   Number         0  usart.o ABSOLUTE
    ..\Drivers\STM32G0xx_HAL_Driver\Src\stm32g0xx_hal.c 0x00000000   Number         0  stm32g0xx_hal.o ABSOLUTE
    ..\Drivers\STM32G0xx_HAL_Driver\Src\stm32g0xx_hal_cortex.c 0x00000000   Number         0  stm32g0xx_hal_cortex.o ABSOLUTE
    ..\Drivers\STM32G0xx_HAL_Driver\Src\stm32g0xx_hal_crc.c 0x00000000   Number         0  stm32g0xx_hal_crc.o ABSOLUTE
    ..\Drivers\STM32G0xx_HAL_Driver\Src\stm32g0xx_hal_crc_ex.c 0x00000000   Number         0  stm32g0xx_hal_crc_ex.o ABSOLUTE
    ..\Drivers\STM32G0xx_HAL_Driver\Src\stm32g0xx_hal_dma.c 0x00000000   Number         0  stm32g0xx_hal_dma.o ABSOLUTE
    ..\Drivers\STM32G0xx_HAL_Driver\Src\stm32g0xx_hal_dma_ex.c 0x00000000   Number         0  stm32g0xx_hal_dma_ex.o ABSOLUTE
    ..\Drivers\STM32G0xx_HAL_Driver\Src\stm32g0xx_hal_exti.c 0x00000000   Number         0  stm32g0xx_hal_exti.o ABSOLUTE
    ..\Drivers\STM32G0xx_HAL_Driver\Src\stm32g0xx_hal_flash.c 0x00000000   Number         0  stm32g0xx_hal_flash.o ABSOLUTE
    ..\Drivers\STM32G0xx_HAL_Driver\Src\stm32g0xx_hal_flash_ex.c 0x00000000   Number         0  stm32g0xx_hal_flash_ex.o ABSOLUTE
    ..\Drivers\STM32G0xx_HAL_Driver\Src\stm32g0xx_hal_gpio.c 0x00000000   Number         0  stm32g0xx_hal_gpio.o ABSOLUTE
    ..\Drivers\STM32G0xx_HAL_Driver\Src\stm32g0xx_hal_i2c.c 0x00000000   Number         0  stm32g0xx_hal_i2c.o ABSOLUTE
    ..\Drivers\STM32G0xx_HAL_Driver\Src\stm32g0xx_hal_i2c_ex.c 0x00000000   Number         0  stm32g0xx_hal_i2c_ex.o ABSOLUTE
    ..\Drivers\STM32G0xx_HAL_Driver\Src\stm32g0xx_hal_iwdg.c 0x00000000   Number         0  stm32g0xx_hal_iwdg.o ABSOLUTE
    ..\Drivers\STM32G0xx_HAL_Driver\Src\stm32g0xx_hal_pwr.c 0x00000000   Number         0  stm32g0xx_hal_pwr.o ABSOLUTE
    ..\Drivers\STM32G0xx_HAL_Driver\Src\stm32g0xx_hal_pwr_ex.c 0x00000000   Number         0  stm32g0xx_hal_pwr_ex.o ABSOLUTE
    ..\Drivers\STM32G0xx_HAL_Driver\Src\stm32g0xx_hal_rcc.c 0x00000000   Number         0  stm32g0xx_hal_rcc.o ABSOLUTE
    ..\Drivers\STM32G0xx_HAL_Driver\Src\stm32g0xx_hal_rcc_ex.c 0x00000000   Number         0  stm32g0xx_hal_rcc_ex.o ABSOLUTE
    ..\Drivers\STM32G0xx_HAL_Driver\Src\stm32g0xx_hal_tim.c 0x00000000   Number         0  stm32g0xx_hal_tim.o ABSOLUTE
    ..\Drivers\STM32G0xx_HAL_Driver\Src\stm32g0xx_hal_tim_ex.c 0x00000000   Number         0  stm32g0xx_hal_tim_ex.o ABSOLUTE
    ..\Drivers\STM32G0xx_HAL_Driver\Src\stm32g0xx_hal_uart.c 0x00000000   Number         0  stm32g0xx_hal_uart.o ABSOLUTE
    ..\Drivers\STM32G0xx_HAL_Driver\Src\stm32g0xx_hal_uart_ex.c 0x00000000   Number         0  stm32g0xx_hal_uart_ex.o ABSOLUTE
    ..\IOLDS\02_PL\IOLDS_PL_GPIO.c           0x00000000   Number         0  iolds_pl_gpio.o ABSOLUTE
    ..\IOLDS\02_PL\IOLDS_PL_I2C.c            0x00000000   Number         0  iolds_pl_i2c.o ABSOLUTE
    ..\IOLDS\02_PL\IOLDS_PL_Timer.c          0x00000000   Number         0  iolds_pl_timer.o ABSOLUTE
    ..\IOLDS\02_PL\IOLDS_PL_UART.c           0x00000000   Number         0  iolds_pl_uart.o ABSOLUTE
    ..\IOLDS\03_LL\IOLDS_LL_COMM.c           0x00000000   Number         0  iolds_ll_comm.o ABSOLUTE
    ..\IOLDS\03_LL\IOLDS_LL_Event.c          0x00000000   Number         0  iolds_ll_event.o ABSOLUTE
    ..\IOLDS\03_LL\IOLDS_LL_ISDU.c           0x00000000   Number         0  iolds_ll_isdu.o ABSOLUTE
    ..\IOLDS\03_LL\IOLDS_LL_PDio.c           0x00000000   Number         0  iolds_ll_pdio.o ABSOLUTE
    ..\IOLDS\03_LL\IOLDS_LL_StateJump.c      0x00000000   Number         0  iolds_ll_statejump.o ABSOLUTE
    ..\IOLDS\03_LL\IOLDS_LL_Storage.c        0x00000000   Number         0  iolds_ll_storage.o ABSOLUTE
    ..\IOLDS\03_LL\IOLDS_LL_Timer.c          0x00000000   Number         0  iolds_ll_timer.o ABSOLUTE
    ..\IOLDS\04_APP\IOLDS_APP_DataStorage.c  0x00000000   Number         0  iolds_app_datastorage.o ABSOLUTE
    ..\IOLDS\04_APP\IOLDS_APP_Event.c        0x00000000   Number         0  iolds_app_event.o ABSOLUTE
    ..\IOLDS\04_APP\IOLDS_APP_ISDU.c         0x00000000   Number         0  iolds_app_isdu.o ABSOLUTE
    ..\IOLDS\04_APP\IOLDS_APP_PDservice.c    0x00000000   Number         0  iolds_app_pdservice.o ABSOLUTE
    ..\\CLRC663\\phSubBal\\src\\RegCtl_SpiHw.c 0x00000000   Number         0  regctl_spihw.o ABSOLUTE
    ..\\Core\\Src\\iap.c                     0x00000000   Number         0  iap.o ABSOLUTE
    ..\\IOLDS\\02_PL\\IOLDS_PL_GPIO.c        0x00000000   Number         0  iolds_pl_gpio.o ABSOLUTE
    ..\\IOLDS\\02_PL\\IOLDS_PL_I2C.c         0x00000000   Number         0  iolds_pl_i2c.o ABSOLUTE
    ..\\IOLDS\\02_PL\\IOLDS_PL_Timer.c       0x00000000   Number         0  iolds_pl_timer.o ABSOLUTE
    ..\\IOLDS\\02_PL\\IOLDS_PL_UART.c        0x00000000   Number         0  iolds_pl_uart.o ABSOLUTE
    ..\\IOLDS\\03_LL\\IOLDS_LL_COMM.c        0x00000000   Number         0  iolds_ll_comm.o ABSOLUTE
    ..\\IOLDS\\03_LL\\IOLDS_LL_Event.c       0x00000000   Number         0  iolds_ll_event.o ABSOLUTE
    ..\\IOLDS\\03_LL\\IOLDS_LL_ISDU.c        0x00000000   Number         0  iolds_ll_isdu.o ABSOLUTE
    ..\\IOLDS\\03_LL\\IOLDS_LL_PDio.c        0x00000000   Number         0  iolds_ll_pdio.o ABSOLUTE
    ..\\IOLDS\\03_LL\\IOLDS_LL_StateJump.c   0x00000000   Number         0  iolds_ll_statejump.o ABSOLUTE
    ..\\IOLDS\\03_LL\\IOLDS_LL_Storage.c     0x00000000   Number         0  iolds_ll_storage.o ABSOLUTE
    ..\\IOLDS\\03_LL\\IOLDS_LL_Timer.c       0x00000000   Number         0  iolds_ll_timer.o ABSOLUTE
    ..\\IOLDS\\04_APP\\IOLDS_APP_DataStorage.c 0x00000000   Number         0  iolds_app_datastorage.o ABSOLUTE
    ..\\IOLDS\\04_APP\\IOLDS_APP_Event.c     0x00000000   Number         0  iolds_app_event.o ABSOLUTE
    ..\\IOLDS\\04_APP\\IOLDS_APP_ISDU.c      0x00000000   Number         0  iolds_app_isdu.o ABSOLUTE
    ..\\IOLDS\\04_APP\\IOLDS_APP_PDservice.c 0x00000000   Number         0  iolds_app_pdservice.o ABSOLUTE
    ..\\hardware\\OS8110.c                   0x00000000   Number         0  os8110.o ABSOLUTE
    ..\\hardware\\led.c                      0x00000000   Number         0  led.o ABSOLUTE
    ..\\hardware\\rs485.c                    0x00000000   Number         0  rs485.o ABSOLUTE
    ..\hardware\OS8110.c                     0x00000000   Number         0  os8110.o ABSOLUTE
    ..\hardware\led.c                        0x00000000   Number         0  led.o ABSOLUTE
    ..\hardware\rs485.c                      0x00000000   Number         0  rs485.o ABSOLUTE
    dc.s                                     0x00000000   Number         0  dc.o ABSOLUTE
    RESET                                    0x08000000   Section      184  startup_stm32g070xx.o(RESET)
    !!!main                                  0x080000b8   Section        8  __main.o(!!!main)
    !!!scatter                               0x080000c0   Section       60  __scatter.o(!!!scatter)
    !!handler_copy                           0x080000fc   Section       26  __scatter_copy.o(!!handler_copy)
    !!handler_zi                             0x08000118   Section       28  __scatter_zi.o(!!handler_zi)
    .ARM.Collect$$libinit$$00000000          0x08000134   Section        2  libinit.o(.ARM.Collect$$libinit$$00000000)
    .ARM.Collect$$libinit$$00000002          0x08000136   Section        0  libinit2.o(.ARM.Collect$$libinit$$00000002)
    .ARM.Collect$$libinit$$00000004          0x08000136   Section        0  libinit2.o(.ARM.Collect$$libinit$$00000004)
    .ARM.Collect$$libinit$$0000000A          0x08000136   Section        0  libinit2.o(.ARM.Collect$$libinit$$0000000A)
    .ARM.Collect$$libinit$$0000000C          0x08000136   Section        0  libinit2.o(.ARM.Collect$$libinit$$0000000C)
    .ARM.Collect$$libinit$$0000000E          0x08000136   Section        0  libinit2.o(.ARM.Collect$$libinit$$0000000E)
    .ARM.Collect$$libinit$$00000011          0x08000136   Section        0  libinit2.o(.ARM.Collect$$libinit$$00000011)
    .ARM.Collect$$libinit$$00000013          0x08000136   Section        0  libinit2.o(.ARM.Collect$$libinit$$00000013)
    .ARM.Collect$$libinit$$00000015          0x08000136   Section        0  libinit2.o(.ARM.Collect$$libinit$$00000015)
    .ARM.Collect$$libinit$$00000017          0x08000136   Section        0  libinit2.o(.ARM.Collect$$libinit$$00000017)
    .ARM.Collect$$libinit$$00000019          0x08000136   Section        0  libinit2.o(.ARM.Collect$$libinit$$00000019)
    .ARM.Collect$$libinit$$0000001B          0x08000136   Section        0  libinit2.o(.ARM.Collect$$libinit$$0000001B)
    .ARM.Collect$$libinit$$0000001D          0x08000136   Section        0  libinit2.o(.ARM.Collect$$libinit$$0000001D)
    .ARM.Collect$$libinit$$0000001F          0x08000136   Section        0  libinit2.o(.ARM.Collect$$libinit$$0000001F)
    .ARM.Collect$$libinit$$00000021          0x08000136   Section        0  libinit2.o(.ARM.Collect$$libinit$$00000021)
    .ARM.Collect$$libinit$$00000023          0x08000136   Section        0  libinit2.o(.ARM.Collect$$libinit$$00000023)
    .ARM.Collect$$libinit$$00000025          0x08000136   Section        0  libinit2.o(.ARM.Collect$$libinit$$00000025)
    .ARM.Collect$$libinit$$0000002C          0x08000136   Section        0  libinit2.o(.ARM.Collect$$libinit$$0000002C)
    .ARM.Collect$$libinit$$0000002E          0x08000136   Section        0  libinit2.o(.ARM.Collect$$libinit$$0000002E)
    .ARM.Collect$$libinit$$00000030          0x08000136   Section        0  libinit2.o(.ARM.Collect$$libinit$$00000030)
    .ARM.Collect$$libinit$$00000032          0x08000136   Section        0  libinit2.o(.ARM.Collect$$libinit$$00000032)
    .ARM.Collect$$libinit$$00000033          0x08000136   Section        2  libinit2.o(.ARM.Collect$$libinit$$00000033)
    .ARM.Collect$$libshutdown$$00000000      0x08000138   Section        2  libshutdown.o(.ARM.Collect$$libshutdown$$00000000)
    .ARM.Collect$$libshutdown$$00000003      0x0800013a   Section        0  libshutdown2.o(.ARM.Collect$$libshutdown$$00000003)
    .ARM.Collect$$libshutdown$$00000006      0x0800013a   Section        0  libshutdown2.o(.ARM.Collect$$libshutdown$$00000006)
    .ARM.Collect$$libshutdown$$00000009      0x0800013a   Section        0  libshutdown2.o(.ARM.Collect$$libshutdown$$00000009)
    .ARM.Collect$$libshutdown$$0000000B      0x0800013a   Section        0  libshutdown2.o(.ARM.Collect$$libshutdown$$0000000B)
    .ARM.Collect$$libshutdown$$0000000E      0x0800013a   Section        0  libshutdown2.o(.ARM.Collect$$libshutdown$$0000000E)
    .ARM.Collect$$libshutdown$$0000000F      0x0800013a   Section        2  libshutdown2.o(.ARM.Collect$$libshutdown$$0000000F)
    .ARM.Collect$$rtentry$$00000000          0x0800013c   Section        0  __rtentry.o(.ARM.Collect$$rtentry$$00000000)
    .ARM.Collect$$rtentry$$00000002          0x0800013c   Section        0  __rtentry2.o(.ARM.Collect$$rtentry$$00000002)
    .ARM.Collect$$rtentry$$00000004          0x0800013c   Section        6  __rtentry4.o(.ARM.Collect$$rtentry$$00000004)
    .ARM.Collect$$rtentry$$00000009          0x08000142   Section        0  __rtentry2.o(.ARM.Collect$$rtentry$$00000009)
    .ARM.Collect$$rtentry$$0000000A          0x08000142   Section        4  __rtentry2.o(.ARM.Collect$$rtentry$$0000000A)
    .ARM.Collect$$rtentry$$0000000C          0x08000146   Section        0  __rtentry2.o(.ARM.Collect$$rtentry$$0000000C)
    .ARM.Collect$$rtentry$$0000000D          0x08000146   Section        8  __rtentry2.o(.ARM.Collect$$rtentry$$0000000D)
    .ARM.Collect$$rtexit$$00000000           0x0800014e   Section        2  rtexit.o(.ARM.Collect$$rtexit$$00000000)
    .ARM.Collect$$rtexit$$00000002           0x08000150   Section        0  rtexit2.o(.ARM.Collect$$rtexit$$00000002)
    .ARM.Collect$$rtexit$$00000003           0x08000150   Section        4  rtexit2.o(.ARM.Collect$$rtexit$$00000003)
    .ARM.Collect$$rtexit$$00000004           0x08000154   Section        6  rtexit2.o(.ARM.Collect$$rtexit$$00000004)
    .text                                    0x0800015c   Section       56  startup_stm32g070xx.o(.text)
    .text                                    0x08000194   Section        0  rt_memclr.o(.text)
    .text                                    0x080001d4   Section      346  aeabi_sdiv.o(.text)
    .text                                    0x0800032e   Section        0  heapauxi.o(.text)
    .text                                    0x08000334   Section       62  sys_stackheap_outer.o(.text)
    .text                                    0x08000372   Section        0  exit.o(.text)
    .text                                    0x08000380   Section        8  libspace.o(.text)
    .text                                    0x08000388   Section        0  sys_exit.o(.text)
    .text                                    0x08000394   Section        2  use_no_semi.o(.text)
    .text                                    0x08000396   Section        0  indicate_semi.o(.text)
    i.DMA1_Ch4_7_DMAMUX1_OVR_IRQHandler      0x08000398   Section        0  stm32g0xx_it.o(i.DMA1_Ch4_7_DMAMUX1_OVR_IRQHandler)
    i.DMA1_Channel1_IRQHandler               0x080003a8   Section        0  stm32g0xx_it.o(i.DMA1_Channel1_IRQHandler)
    i.DMA1_Channel2_3_IRQHandler             0x080003b8   Section        0  stm32g0xx_it.o(i.DMA1_Channel2_3_IRQHandler)
    i.DMA_CalcDMAMUXChannelBaseAndMask       0x080003d0   Section        0  stm32g0xx_hal_dma.o(i.DMA_CalcDMAMUXChannelBaseAndMask)
    DMA_CalcDMAMUXChannelBaseAndMask         0x080003d1   Thumb Code    48  stm32g0xx_hal_dma.o(i.DMA_CalcDMAMUXChannelBaseAndMask)
    i.DMA_CalcDMAMUXRequestGenBaseAndMask    0x08000404   Section        0  stm32g0xx_hal_dma.o(i.DMA_CalcDMAMUXRequestGenBaseAndMask)
    DMA_CalcDMAMUXRequestGenBaseAndMask      0x08000405   Thumb Code    36  stm32g0xx_hal_dma.o(i.DMA_CalcDMAMUXRequestGenBaseAndMask)
    i.Error_Handler                          0x0800042c   Section        0  main.o(i.Error_Handler)
    i.HAL_CRCEx_Polynomial_Set               0x08000432   Section        0  stm32g0xx_hal_crc_ex.o(i.HAL_CRCEx_Polynomial_Set)
    i.HAL_CRC_Init                           0x080004a8   Section        0  stm32g0xx_hal_crc.o(i.HAL_CRC_Init)
    i.HAL_CRC_MspInit                        0x08000534   Section        0  crc.o(i.HAL_CRC_MspInit)
    i.HAL_DMA_Abort                          0x08000564   Section        0  stm32g0xx_hal_dma.o(i.HAL_DMA_Abort)
    i.HAL_DMA_Abort_IT                       0x080005fc   Section        0  stm32g0xx_hal_dma.o(i.HAL_DMA_Abort_IT)
    i.HAL_DMA_GetState                       0x08000690   Section        0  stm32g0xx_hal_dma.o(i.HAL_DMA_GetState)
    i.HAL_DMA_IRQHandler                     0x08000698   Section        0  stm32g0xx_hal_dma.o(i.HAL_DMA_IRQHandler)
    i.HAL_DMA_Init                           0x080007b8   Section        0  stm32g0xx_hal_dma.o(i.HAL_DMA_Init)
    i.HAL_GPIO_Init                          0x08000878   Section        0  stm32g0xx_hal_gpio.o(i.HAL_GPIO_Init)
    i.HAL_GPIO_WritePin                      0x08000a50   Section        0  stm32g0xx_hal_gpio.o(i.HAL_GPIO_WritePin)
    i.HAL_GetTick                            0x08000a5c   Section        0  stm32g0xx_hal.o(i.HAL_GetTick)
    i.HAL_I2CEx_ConfigAnalogFilter           0x08000a68   Section        0  stm32g0xx_hal_i2c_ex.o(i.HAL_I2CEx_ConfigAnalogFilter)
    i.HAL_I2CEx_ConfigDigitalFilter          0x08000ad6   Section        0  stm32g0xx_hal_i2c_ex.o(i.HAL_I2CEx_ConfigDigitalFilter)
    i.HAL_I2C_AbortCpltCallback              0x08000b46   Section        0  stm32g0xx_hal_i2c.o(i.HAL_I2C_AbortCpltCallback)
    i.HAL_I2C_AddrCallback                   0x08000b48   Section        0  stm32g0xx_hal_i2c.o(i.HAL_I2C_AddrCallback)
    i.HAL_I2C_ER_IRQHandler                  0x08000b4a   Section        0  stm32g0xx_hal_i2c.o(i.HAL_I2C_ER_IRQHandler)
    i.HAL_I2C_EV_IRQHandler                  0x08000bd6   Section        0  stm32g0xx_hal_i2c.o(i.HAL_I2C_EV_IRQHandler)
    i.HAL_I2C_ErrorCallback                  0x08000bf4   Section        0  stm32g0xx_hal_i2c.o(i.HAL_I2C_ErrorCallback)
    i.HAL_I2C_Init                           0x08000bf8   Section        0  stm32g0xx_hal_i2c.o(i.HAL_I2C_Init)
    i.HAL_I2C_ListenCpltCallback             0x08000ce4   Section        0  stm32g0xx_hal_i2c.o(i.HAL_I2C_ListenCpltCallback)
    i.HAL_I2C_MspInit                        0x08000ce8   Section        0  i2c.o(i.HAL_I2C_MspInit)
    i.HAL_I2C_SlaveRxCpltCallback            0x08000d94   Section        0  stm32g0xx_hal_i2c.o(i.HAL_I2C_SlaveRxCpltCallback)
    i.HAL_I2C_SlaveTxCpltCallback            0x08000d96   Section        0  stm32g0xx_hal_i2c.o(i.HAL_I2C_SlaveTxCpltCallback)
    i.HAL_IWDG_Init                          0x08000d98   Section        0  stm32g0xx_hal_iwdg.o(i.HAL_IWDG_Init)
    i.HAL_IncTick                            0x08000e14   Section        0  stm32g0xx_hal.o(i.HAL_IncTick)
    i.HAL_Init                               0x08000e2c   Section        0  stm32g0xx_hal.o(i.HAL_Init)
    i.HAL_InitTick                           0x08000e58   Section        0  stm32g0xx_hal.o(i.HAL_InitTick)
    i.HAL_MspInit                            0x08000eb8   Section        0  stm32g0xx_hal_msp.o(i.HAL_MspInit)
    i.HAL_NVIC_EnableIRQ                     0x08000efc   Section        0  stm32g0xx_hal_cortex.o(i.HAL_NVIC_EnableIRQ)
    i.HAL_NVIC_SetPriority                   0x08000f20   Section        0  stm32g0xx_hal_cortex.o(i.HAL_NVIC_SetPriority)
    i.HAL_PWREx_ControlVoltageScaling        0x08000f34   Section        0  stm32g0xx_hal_pwr_ex.o(i.HAL_PWREx_ControlVoltageScaling)
    i.HAL_RCCEx_PeriphCLKConfig              0x08000f8c   Section        0  stm32g0xx_hal_rcc_ex.o(i.HAL_RCCEx_PeriphCLKConfig)
    i.HAL_RCC_ClockConfig                    0x08001190   Section        0  stm32g0xx_hal_rcc.o(i.HAL_RCC_ClockConfig)
    i.HAL_RCC_GetHCLKFreq                    0x08001364   Section        0  stm32g0xx_hal_rcc.o(i.HAL_RCC_GetHCLKFreq)
    i.HAL_RCC_GetPCLK1Freq                   0x08001370   Section        0  stm32g0xx_hal_rcc.o(i.HAL_RCC_GetPCLK1Freq)
    i.HAL_RCC_GetSysClockFreq                0x08001398   Section        0  stm32g0xx_hal_rcc.o(i.HAL_RCC_GetSysClockFreq)
    i.HAL_RCC_OscConfig                      0x0800147c   Section        0  stm32g0xx_hal_rcc.o(i.HAL_RCC_OscConfig)
    i.HAL_SYSTICK_Config                     0x08001a28   Section        0  stm32g0xx_hal_cortex.o(i.HAL_SYSTICK_Config)
    i.HAL_TIMEx_MasterConfigSynchronization  0x08001a60   Section        0  stm32g0xx_hal_tim_ex.o(i.HAL_TIMEx_MasterConfigSynchronization)
    i.HAL_TIM_Base_Init                      0x08001af8   Section        0  stm32g0xx_hal_tim.o(i.HAL_TIM_Base_Init)
    i.HAL_TIM_Base_MspInit                   0x08001b64   Section        0  tim.o(i.HAL_TIM_Base_MspInit)
    i.HAL_TIM_Base_Start_IT                  0x08001be4   Section        0  stm32g0xx_hal_tim.o(i.HAL_TIM_Base_Start_IT)
    i.HAL_TIM_ConfigClockSource              0x08001c5c   Section        0  stm32g0xx_hal_tim.o(i.HAL_TIM_ConfigClockSource)
    i.HAL_UARTEx_DisableFifoMode             0x08001d74   Section        0  stm32g0xx_hal_uart_ex.o(i.HAL_UARTEx_DisableFifoMode)
    i.HAL_UARTEx_RxEventCallback             0x08001dc8   Section        0  stm32g0xx_hal_uart.o(i.HAL_UARTEx_RxEventCallback)
    i.HAL_UARTEx_RxFifoFullCallback          0x08001dca   Section        0  stm32g0xx_hal_uart_ex.o(i.HAL_UARTEx_RxFifoFullCallback)
    i.HAL_UARTEx_SetRxFifoThreshold          0x08001dcc   Section        0  stm32g0xx_hal_uart_ex.o(i.HAL_UARTEx_SetRxFifoThreshold)
    i.HAL_UARTEx_SetTxFifoThreshold          0x08001e2c   Section        0  stm32g0xx_hal_uart_ex.o(i.HAL_UARTEx_SetTxFifoThreshold)
    i.HAL_UARTEx_TxFifoEmptyCallback         0x08001e8a   Section        0  stm32g0xx_hal_uart_ex.o(i.HAL_UARTEx_TxFifoEmptyCallback)
    i.HAL_UARTEx_WakeupCallback              0x08001e8c   Section        0  stm32g0xx_hal_uart_ex.o(i.HAL_UARTEx_WakeupCallback)
    i.HAL_UART_ErrorCallback                 0x08001e8e   Section        0  stm32g0xx_hal_uart.o(i.HAL_UART_ErrorCallback)
    i.HAL_UART_IRQHandler                    0x08001e90   Section        0  stm32g0xx_hal_uart.o(i.HAL_UART_IRQHandler)
    i.HAL_UART_Init                          0x080022d6   Section        0  stm32g0xx_hal_uart.o(i.HAL_UART_Init)
    i.HAL_UART_MspInit                       0x08002358   Section        0  usart.o(i.HAL_UART_MspInit)
    i.HAL_UART_TxCpltCallback                0x08002604   Section        0  stm32g0xx_hal_uart.o(i.HAL_UART_TxCpltCallback)
    i.HardFault_Handler                      0x08002606   Section        0  stm32g0xx_it.o(i.HardFault_Handler)
    i.I2C1_IRQHandler                        0x0800260c   Section        0  stm32g0xx_it.o(i.I2C1_IRQHandler)
    i.I2C_DMAAbort                           0x08002634   Section        0  stm32g0xx_hal_i2c.o(i.I2C_DMAAbort)
    I2C_DMAAbort                             0x08002635   Thumb Code    38  stm32g0xx_hal_i2c.o(i.I2C_DMAAbort)
    i.I2C_Disable_IRQ                        0x0800265a   Section        0  stm32g0xx_hal_i2c.o(i.I2C_Disable_IRQ)
    I2C_Disable_IRQ                          0x0800265b   Thumb Code   116  stm32g0xx_hal_i2c.o(i.I2C_Disable_IRQ)
    i.I2C_Flush_TXDR                         0x080026ce   Section        0  stm32g0xx_hal_i2c.o(i.I2C_Flush_TXDR)
    I2C_Flush_TXDR                           0x080026cf   Thumb Code    50  stm32g0xx_hal_i2c.o(i.I2C_Flush_TXDR)
    i.I2C_ITAddrCplt                         0x08002700   Section        0  stm32g0xx_hal_i2c.o(i.I2C_ITAddrCplt)
    I2C_ITAddrCplt                           0x08002701   Thumb Code   208  stm32g0xx_hal_i2c.o(i.I2C_ITAddrCplt)
    i.I2C_ITError                            0x080027d0   Section        0  stm32g0xx_hal_i2c.o(i.I2C_ITError)
    I2C_ITError                              0x080027d1   Thumb Code   330  stm32g0xx_hal_i2c.o(i.I2C_ITError)
    i.I2C_ITListenCplt                       0x0800292c   Section        0  stm32g0xx_hal_i2c.o(i.I2C_ITListenCplt)
    I2C_ITListenCplt                         0x0800292d   Thumb Code   112  stm32g0xx_hal_i2c.o(i.I2C_ITListenCplt)
    i.I2C_ITSlaveCplt                        0x080029a4   Section        0  stm32g0xx_hal_i2c.o(i.I2C_ITSlaveCplt)
    I2C_ITSlaveCplt                          0x080029a5   Thumb Code   542  stm32g0xx_hal_i2c.o(i.I2C_ITSlaveCplt)
    i.I2C_ITSlaveSeqCplt                     0x08002bd0   Section        0  stm32g0xx_hal_i2c.o(i.I2C_ITSlaveSeqCplt)
    I2C_ITSlaveSeqCplt                       0x08002bd1   Thumb Code   156  stm32g0xx_hal_i2c.o(i.I2C_ITSlaveSeqCplt)
    i.I2C_Slave_ISR_IT                       0x08002c6c   Section        0  stm32g0xx_hal_i2c.o(i.I2C_Slave_ISR_IT)
    I2C_Slave_ISR_IT                         0x08002c6d   Thumb Code   378  stm32g0xx_hal_i2c.o(i.I2C_Slave_ISR_IT)
    i.I2C_TreatErrorCallback                 0x08002dec   Section        0  stm32g0xx_hal_i2c.o(i.I2C_TreatErrorCallback)
    I2C_TreatErrorCallback                   0x08002ded   Thumb Code    62  stm32g0xx_hal_i2c.o(i.I2C_TreatErrorCallback)
    i.MX_CRC_Init                            0x08002e2c   Section        0  crc.o(i.MX_CRC_Init)
    i.MX_DMA_Init                            0x08002e60   Section        0  dma.o(i.MX_DMA_Init)
    i.MX_GPIO_Init                           0x08002eb4   Section        0  gpio.o(i.MX_GPIO_Init)
    i.MX_I2C1_Init                           0x08002fa4   Section        0  i2c.o(i.MX_I2C1_Init)
    i.MX_IWDG_Init                           0x08003000   Section        0  iwdg.o(i.MX_IWDG_Init)
    i.MX_TIM1_Init                           0x0800302c   Section        0  tim.o(i.MX_TIM1_Init)
    i.MX_TIM3_Init                           0x080030ac   Section        0  tim.o(i.MX_TIM3_Init)
    i.MX_USART1_UART_Init                    0x08003124   Section        0  usart.o(i.MX_USART1_UART_Init)
    i.MX_USART3_UART_Init                    0x08003198   Section        0  usart.o(i.MX_USART3_UART_Init)
    i.NMI_Handler                            0x080031e8   Section        0  stm32g0xx_it.o(i.NMI_Handler)
    i.PendSV_Handler                         0x080031ec   Section        0  stm32g0xx_it.o(i.PendSV_Handler)
    i.SVC_Handler                            0x080031ee   Section        0  stm32g0xx_it.o(i.SVC_Handler)
    i.SysTick_Handler                        0x080031f0   Section        0  stm32g0xx_it.o(i.SysTick_Handler)
    i.SystemClock_Config                     0x080031f8   Section        0  main.o(i.SystemClock_Config)
    i.SystemInit                             0x08003274   Section        0  system_stm32g0xx.o(i.SystemInit)
    i.TIM1_BRK_UP_TRG_COM_IRQHandler         0x08003278   Section        0  tim.o(i.TIM1_BRK_UP_TRG_COM_IRQHandler)
    i.TIM3_IRQHandler                        0x080032c4   Section        0  tim.o(i.TIM3_IRQHandler)
    i.TIM_Base_SetConfig                     0x08003310   Section        0  stm32g0xx_hal_tim.o(i.TIM_Base_SetConfig)
    i.TIM_ETR_SetConfig                      0x080033c0   Section        0  stm32g0xx_hal_tim.o(i.TIM_ETR_SetConfig)
    i.TIM_ITRx_SetConfig                     0x080033dc   Section        0  stm32g0xx_hal_tim.o(i.TIM_ITRx_SetConfig)
    TIM_ITRx_SetConfig                       0x080033dd   Thumb Code    18  stm32g0xx_hal_tim.o(i.TIM_ITRx_SetConfig)
    i.TIM_TI1_ConfigInputStage               0x080033f4   Section        0  stm32g0xx_hal_tim.o(i.TIM_TI1_ConfigInputStage)
    TIM_TI1_ConfigInputStage                 0x080033f5   Thumb Code    50  stm32g0xx_hal_tim.o(i.TIM_TI1_ConfigInputStage)
    i.TIM_TI2_ConfigInputStage               0x08003426   Section        0  stm32g0xx_hal_tim.o(i.TIM_TI2_ConfigInputStage)
    TIM_TI2_ConfigInputStage                 0x08003427   Thumb Code    50  stm32g0xx_hal_tim.o(i.TIM_TI2_ConfigInputStage)
    i.UARTEx_SetNbDataToProcess              0x08003458   Section        0  stm32g0xx_hal_uart_ex.o(i.UARTEx_SetNbDataToProcess)
    UARTEx_SetNbDataToProcess                0x08003459   Thumb Code    94  stm32g0xx_hal_uart_ex.o(i.UARTEx_SetNbDataToProcess)
    i.UART_AdvFeatureConfig                  0x080034c0   Section        0  stm32g0xx_hal_uart.o(i.UART_AdvFeatureConfig)
    i.UART_CheckIdleState                    0x080035b0   Section        0  stm32g0xx_hal_uart.o(i.UART_CheckIdleState)
    i.UART_DMAAbortOnError                   0x080036b4   Section        0  stm32g0xx_hal_uart.o(i.UART_DMAAbortOnError)
    UART_DMAAbortOnError                     0x080036b5   Thumb Code    24  stm32g0xx_hal_uart.o(i.UART_DMAAbortOnError)
    i.UART_EndRxTransfer                     0x080036cc   Section        0  stm32g0xx_hal_uart.o(i.UART_EndRxTransfer)
    UART_EndRxTransfer                       0x080036cd   Thumb Code   128  stm32g0xx_hal_uart.o(i.UART_EndRxTransfer)
    i.UART_EndTransmit_IT                    0x08003750   Section        0  stm32g0xx_hal_uart.o(i.UART_EndTransmit_IT)
    UART_EndTransmit_IT                      0x08003751   Thumb Code    56  stm32g0xx_hal_uart.o(i.UART_EndTransmit_IT)
    i.UART_SetConfig                         0x08003788   Section        0  stm32g0xx_hal_uart.o(i.UART_SetConfig)
    i.UART_WaitOnFlagUntilTimeout            0x080039b8   Section        0  stm32g0xx_hal_uart.o(i.UART_WaitOnFlagUntilTimeout)
    i.USART1_IRQHandler                      0x08003a6c   Section        0  usart.o(i.USART1_IRQHandler)
    i.USART3_4_IRQHandler                    0x08003b04   Section        0  stm32g0xx_it.o(i.USART3_4_IRQHandler)
    i.__NVIC_SetPriority                     0x08003b14   Section        0  stm32g0xx_hal_cortex.o(i.__NVIC_SetPriority)
    __NVIC_SetPriority                       0x08003b15   Thumb Code   110  stm32g0xx_hal_cortex.o(i.__NVIC_SetPriority)
    i.__get_PRIMASK                          0x08003b8c   Section        0  stm32g0xx_hal_uart.o(i.__get_PRIMASK)
    __get_PRIMASK                            0x08003b8d   Thumb Code     6  stm32g0xx_hal_uart.o(i.__get_PRIMASK)
    i.__set_PRIMASK                          0x08003b92   Section        0  stm32g0xx_hal_uart.o(i.__set_PRIMASK)
    __set_PRIMASK                            0x08003b93   Thumb Code     6  stm32g0xx_hal_uart.o(i.__set_PRIMASK)
    i.main                                   0x08003b98   Section        0  main.o(i.main)
    .constdata                               0x08003bc8   Section       32  stm32g0xx_hal_uart.o(.constdata)
    CHANNEL_OFFSET_TAB                       0x08003bc8   Data           7  stm32g0xx_hal_uart.o(.constdata)
    .constdata                               0x08003be8   Section       23  stm32g0xx_hal_uart_ex.o(.constdata)
    CHANNEL_OFFSET_TAB                       0x08003be8   Data           7  stm32g0xx_hal_uart_ex.o(.constdata)
    numerator                                0x08003bef   Data           8  stm32g0xx_hal_uart_ex.o(.constdata)
    denominator                              0x08003bf7   Data           8  stm32g0xx_hal_uart_ex.o(.constdata)
    .constdata                               0x08003c00   Section      104  system_stm32g0xx.o(.constdata)
    CHANNEL_OFFSET_TAB                       0x08003c00   Data           7  system_stm32g0xx.o(.constdata)
    .data                                    0x20000000   Section        2  tim.o(.data)
    .data                                    0x20000004   Section        9  stm32g0xx_hal.o(.data)
    .data                                    0x20000010   Section        4  system_stm32g0xx.o(.data)
    .bss                                     0x20000014   Section       36  crc.o(.bss)
    .bss                                     0x20000038   Section       84  i2c.o(.bss)
    .bss                                     0x2000008c   Section       16  iwdg.o(.bss)
    .bss                                     0x2000009c   Section      152  tim.o(.bss)
    .bss                                     0x20000134   Section     2672  usart.o(.bss)
    .bss                                     0x20000ba4   Section       96  libspace.o(.bss)
    HEAP                                     0x20000c08   Section      512  startup_stm32g070xx.o(HEAP)
    Heap_Mem                                 0x20000c08   Data         512  startup_stm32g070xx.o(HEAP)
    STACK                                    0x20000e08   Section     1024  startup_stm32g070xx.o(STACK)
    Stack_Mem                                0x20000e08   Data        1024  startup_stm32g070xx.o(STACK)
    __initial_sp                             0x20001208   Data           0  startup_stm32g070xx.o(STACK)

    Global Symbols

    Symbol Name                              Value     Ov Type        Size  Object(Section)

    BuildAttributes$$THM_ISAv3M$S$PE$A:L22$X:L11$S22$IEEE1$IW$USESV6$~STKCKD$USESV7$~SHL$OSPACE$ROPI$EBA8$UX$STANDARDLIB$REQ8$PRES8$EABIv2 0x00000000   Number         0  anon$$obj.o ABSOLUTE
    __ARM_use_no_argv                        0x00000000   Number         0  main.o ABSOLUTE
    __ARM_exceptions_init                     - Undefined Weak Reference
    __alloca_initialize                       - Undefined Weak Reference
    __arm_preinit_                            - Undefined Weak Reference
    __cpp_initialize__aeabi_                  - Undefined Weak Reference
    __cxa_finalize                            - Undefined Weak Reference
    __rt_locale                               - Undefined Weak Reference
    __sigvec_lookup                           - Undefined Weak Reference
    _atexit_init                              - Undefined Weak Reference
    _call_atexit_fns                          - Undefined Weak Reference
    _clock_init                               - Undefined Weak Reference
    _fp_trap_init                             - Undefined Weak Reference
    _fp_trap_shutdown                         - Undefined Weak Reference
    _get_lc_collate                           - Undefined Weak Reference
    _get_lc_ctype                             - Undefined Weak Reference
    _get_lc_monetary                          - Undefined Weak Reference
    _get_lc_numeric                           - Undefined Weak Reference
    _get_lc_time                              - Undefined Weak Reference
    _getenv_init                              - Undefined Weak Reference
    _handle_redirection                       - Undefined Weak Reference
    _init_alloc                               - Undefined Weak Reference
    _init_user_alloc                          - Undefined Weak Reference
    _initio                                   - Undefined Weak Reference
    _rand_init                                - Undefined Weak Reference
    _signal_finish                            - Undefined Weak Reference
    _signal_init                              - Undefined Weak Reference
    _terminate_alloc                          - Undefined Weak Reference
    _terminate_user_alloc                     - Undefined Weak Reference
    _terminateio                              - Undefined Weak Reference
    __Vectors_Size                           0x000000b8   Number         0  startup_stm32g070xx.o ABSOLUTE
    __Vectors                                0x08000000   Data           4  startup_stm32g070xx.o(RESET)
    __Vectors_End                            0x080000b8   Data           0  startup_stm32g070xx.o(RESET)
    __main                                   0x080000b9   Thumb Code     8  __main.o(!!!main)
    __scatterload                            0x080000c1   Thumb Code     0  __scatter.o(!!!scatter)
    __scatterload_rt2                        0x080000c1   Thumb Code    52  __scatter.o(!!!scatter)
    __scatterload_rt2_thumb_only             0x080000c1   Thumb Code     0  __scatter.o(!!!scatter)
    __scatterload_null                       0x080000d1   Thumb Code     0  __scatter.o(!!!scatter)
    __scatterload_copy                       0x080000fd   Thumb Code    26  __scatter_copy.o(!!handler_copy)
    __scatterload_zeroinit                   0x08000119   Thumb Code    28  __scatter_zi.o(!!handler_zi)
    __rt_lib_init                            0x08000135   Thumb Code     0  libinit.o(.ARM.Collect$$libinit$$00000000)
    __rt_lib_init_alloca_1                   0x08000137   Thumb Code     0  libinit2.o(.ARM.Collect$$libinit$$0000002E)
    __rt_lib_init_argv_1                     0x08000137   Thumb Code     0  libinit2.o(.ARM.Collect$$libinit$$0000002C)
    __rt_lib_init_atexit_1                   0x08000137   Thumb Code     0  libinit2.o(.ARM.Collect$$libinit$$0000001B)
    __rt_lib_init_clock_1                    0x08000137   Thumb Code     0  libinit2.o(.ARM.Collect$$libinit$$00000021)
    __rt_lib_init_cpp_1                      0x08000137   Thumb Code     0  libinit2.o(.ARM.Collect$$libinit$$00000032)
    __rt_lib_init_exceptions_1               0x08000137   Thumb Code     0  libinit2.o(.ARM.Collect$$libinit$$00000030)
    __rt_lib_init_fp_1                       0x08000137   Thumb Code     0  libinit2.o(.ARM.Collect$$libinit$$00000002)
    __rt_lib_init_fp_trap_1                  0x08000137   Thumb Code     0  libinit2.o(.ARM.Collect$$libinit$$0000001F)
    __rt_lib_init_getenv_1                   0x08000137   Thumb Code     0  libinit2.o(.ARM.Collect$$libinit$$00000023)
    __rt_lib_init_heap_1                     0x08000137   Thumb Code     0  libinit2.o(.ARM.Collect$$libinit$$0000000A)
    __rt_lib_init_lc_collate_1               0x08000137   Thumb Code     0  libinit2.o(.ARM.Collect$$libinit$$00000011)
    __rt_lib_init_lc_ctype_1                 0x08000137   Thumb Code     0  libinit2.o(.ARM.Collect$$libinit$$00000013)
    __rt_lib_init_lc_monetary_1              0x08000137   Thumb Code     0  libinit2.o(.ARM.Collect$$libinit$$00000015)
    __rt_lib_init_lc_numeric_1               0x08000137   Thumb Code     0  libinit2.o(.ARM.Collect$$libinit$$00000017)
    __rt_lib_init_lc_time_1                  0x08000137   Thumb Code     0  libinit2.o(.ARM.Collect$$libinit$$00000019)
    __rt_lib_init_preinit_1                  0x08000137   Thumb Code     0  libinit2.o(.ARM.Collect$$libinit$$00000004)
    __rt_lib_init_rand_1                     0x08000137   Thumb Code     0  libinit2.o(.ARM.Collect$$libinit$$0000000E)
    __rt_lib_init_return                     0x08000137   Thumb Code     0  libinit2.o(.ARM.Collect$$libinit$$00000033)
    __rt_lib_init_signal_1                   0x08000137   Thumb Code     0  libinit2.o(.ARM.Collect$$libinit$$0000001D)
    __rt_lib_init_stdio_1                    0x08000137   Thumb Code     0  libinit2.o(.ARM.Collect$$libinit$$00000025)
    __rt_lib_init_user_alloc_1               0x08000137   Thumb Code     0  libinit2.o(.ARM.Collect$$libinit$$0000000C)
    __rt_lib_shutdown                        0x08000139   Thumb Code     0  libshutdown.o(.ARM.Collect$$libshutdown$$00000000)
    __rt_lib_shutdown_fp_trap_1              0x0800013b   Thumb Code     0  libshutdown2.o(.ARM.Collect$$libshutdown$$00000006)
    __rt_lib_shutdown_heap_1                 0x0800013b   Thumb Code     0  libshutdown2.o(.ARM.Collect$$libshutdown$$0000000E)
    __rt_lib_shutdown_return                 0x0800013b   Thumb Code     0  libshutdown2.o(.ARM.Collect$$libshutdown$$0000000F)
    __rt_lib_shutdown_signal_1               0x0800013b   Thumb Code     0  libshutdown2.o(.ARM.Collect$$libshutdown$$00000009)
    __rt_lib_shutdown_stdio_1                0x0800013b   Thumb Code     0  libshutdown2.o(.ARM.Collect$$libshutdown$$00000003)
    __rt_lib_shutdown_user_alloc_1           0x0800013b   Thumb Code     0  libshutdown2.o(.ARM.Collect$$libshutdown$$0000000B)
    __rt_entry                               0x0800013d   Thumb Code     0  __rtentry.o(.ARM.Collect$$rtentry$$00000000)
    __rt_entry_presh_1                       0x0800013d   Thumb Code     0  __rtentry2.o(.ARM.Collect$$rtentry$$00000002)
    __rt_entry_sh                            0x0800013d   Thumb Code     0  __rtentry4.o(.ARM.Collect$$rtentry$$00000004)
    __rt_entry_li                            0x08000143   Thumb Code     0  __rtentry2.o(.ARM.Collect$$rtentry$$0000000A)
    __rt_entry_postsh_1                      0x08000143   Thumb Code     0  __rtentry2.o(.ARM.Collect$$rtentry$$00000009)
    __rt_entry_main                          0x08000147   Thumb Code     0  __rtentry2.o(.ARM.Collect$$rtentry$$0000000D)
    __rt_entry_postli_1                      0x08000147   Thumb Code     0  __rtentry2.o(.ARM.Collect$$rtentry$$0000000C)
    __rt_exit                                0x0800014f   Thumb Code     0  rtexit.o(.ARM.Collect$$rtexit$$00000000)
    __rt_exit_ls                             0x08000151   Thumb Code     0  rtexit2.o(.ARM.Collect$$rtexit$$00000003)
    __rt_exit_prels_1                        0x08000151   Thumb Code     0  rtexit2.o(.ARM.Collect$$rtexit$$00000002)
    __rt_exit_exit                           0x08000155   Thumb Code     0  rtexit2.o(.ARM.Collect$$rtexit$$00000004)
    Reset_Handler                            0x0800015d   Thumb Code     8  startup_stm32g070xx.o(.text)
    ADC1_IRQHandler                          0x0800016f   Thumb Code     0  startup_stm32g070xx.o(.text)
    EXTI0_1_IRQHandler                       0x0800016f   Thumb Code     0  startup_stm32g070xx.o(.text)
    EXTI2_3_IRQHandler                       0x0800016f   Thumb Code     0  startup_stm32g070xx.o(.text)
    EXTI4_15_IRQHandler                      0x0800016f   Thumb Code     0  startup_stm32g070xx.o(.text)
    FLASH_IRQHandler                         0x0800016f   Thumb Code     0  startup_stm32g070xx.o(.text)
    I2C2_IRQHandler                          0x0800016f   Thumb Code     0  startup_stm32g070xx.o(.text)
    RCC_IRQHandler                           0x0800016f   Thumb Code     0  startup_stm32g070xx.o(.text)
    RTC_TAMP_IRQHandler                      0x0800016f   Thumb Code     0  startup_stm32g070xx.o(.text)
    SPI1_IRQHandler                          0x0800016f   Thumb Code     0  startup_stm32g070xx.o(.text)
    SPI2_IRQHandler                          0x0800016f   Thumb Code     0  startup_stm32g070xx.o(.text)
    TIM14_IRQHandler                         0x0800016f   Thumb Code     0  startup_stm32g070xx.o(.text)
    TIM15_IRQHandler                         0x0800016f   Thumb Code     0  startup_stm32g070xx.o(.text)
    TIM16_IRQHandler                         0x0800016f   Thumb Code     0  startup_stm32g070xx.o(.text)
    TIM17_IRQHandler                         0x0800016f   Thumb Code     0  startup_stm32g070xx.o(.text)
    TIM1_CC_IRQHandler                       0x0800016f   Thumb Code     0  startup_stm32g070xx.o(.text)
    TIM6_IRQHandler                          0x0800016f   Thumb Code     0  startup_stm32g070xx.o(.text)
    TIM7_IRQHandler                          0x0800016f   Thumb Code     0  startup_stm32g070xx.o(.text)
    USART2_IRQHandler                        0x0800016f   Thumb Code     0  startup_stm32g070xx.o(.text)
    WWDG_IRQHandler                          0x0800016f   Thumb Code     0  startup_stm32g070xx.o(.text)
    __user_initial_stackheap                 0x08000171   Thumb Code     0  startup_stm32g070xx.o(.text)
    _memset_w                                0x08000195   Thumb Code    26  rt_memclr.o(.text)
    _memset                                  0x080001af   Thumb Code    30  rt_memclr.o(.text)
    __aeabi_memclr                           0x080001cd   Thumb Code     4  rt_memclr.o(.text)
    __rt_memclr                              0x080001cd   Thumb Code     0  rt_memclr.o(.text)
    __aeabi_memclr4                          0x080001d1   Thumb Code     0  rt_memclr.o(.text)
    __aeabi_memclr8                          0x080001d1   Thumb Code     0  rt_memclr.o(.text)
    __rt_memclr_w                            0x080001d1   Thumb Code     4  rt_memclr.o(.text)
    __aeabi_uidiv                            0x080001d5   Thumb Code     0  aeabi_sdiv.o(.text)
    __aeabi_uidivmod                         0x080001d5   Thumb Code    20  aeabi_sdiv.o(.text)
    __aeabi_idiv                             0x080001e9   Thumb Code     0  aeabi_sdiv.o(.text)
    __aeabi_idivmod                          0x080001e9   Thumb Code   326  aeabi_sdiv.o(.text)
    __use_two_region_memory                  0x0800032f   Thumb Code     2  heapauxi.o(.text)
    __rt_heap_escrow$2region                 0x08000331   Thumb Code     2  heapauxi.o(.text)
    __rt_heap_expand$2region                 0x08000333   Thumb Code     2  heapauxi.o(.text)
    __user_setup_stackheap                   0x08000335   Thumb Code    62  sys_stackheap_outer.o(.text)
    exit                                     0x08000373   Thumb Code    12  exit.o(.text)
    __user_libspace                          0x08000381   Thumb Code     8  libspace.o(.text)
    __user_perproc_libspace                  0x08000381   Thumb Code     0  libspace.o(.text)
    __user_perthread_libspace                0x08000381   Thumb Code     0  libspace.o(.text)
    _sys_exit                                0x08000389   Thumb Code     8  sys_exit.o(.text)
    __I$use$semihosting                      0x08000395   Thumb Code     0  use_no_semi.o(.text)
    __use_no_semihosting_swi                 0x08000395   Thumb Code     2  use_no_semi.o(.text)
    __semihosting_library_function           0x08000397   Thumb Code     0  indicate_semi.o(.text)
    DMA1_Ch4_7_DMAMUX1_OVR_IRQHandler        0x08000399   Thumb Code    10  stm32g0xx_it.o(i.DMA1_Ch4_7_DMAMUX1_OVR_IRQHandler)
    DMA1_Channel1_IRQHandler                 0x080003a9   Thumb Code    10  stm32g0xx_it.o(i.DMA1_Channel1_IRQHandler)
    DMA1_Channel2_3_IRQHandler               0x080003b9   Thumb Code    16  stm32g0xx_it.o(i.DMA1_Channel2_3_IRQHandler)
    Error_Handler                            0x0800042d   Thumb Code     6  main.o(i.Error_Handler)
    HAL_CRCEx_Polynomial_Set                 0x08000433   Thumb Code   118  stm32g0xx_hal_crc_ex.o(i.HAL_CRCEx_Polynomial_Set)
    HAL_CRC_Init                             0x080004a9   Thumb Code   134  stm32g0xx_hal_crc.o(i.HAL_CRC_Init)
    HAL_CRC_MspInit                          0x08000535   Thumb Code    40  crc.o(i.HAL_CRC_MspInit)
    HAL_DMA_Abort                            0x08000565   Thumb Code   146  stm32g0xx_hal_dma.o(i.HAL_DMA_Abort)
    HAL_DMA_Abort_IT                         0x080005fd   Thumb Code   144  stm32g0xx_hal_dma.o(i.HAL_DMA_Abort_IT)
    HAL_DMA_GetState                         0x08000691   Thumb Code     8  stm32g0xx_hal_dma.o(i.HAL_DMA_GetState)
    HAL_DMA_IRQHandler                       0x08000699   Thumb Code   282  stm32g0xx_hal_dma.o(i.HAL_DMA_IRQHandler)
    HAL_DMA_Init                             0x080007b9   Thumb Code   182  stm32g0xx_hal_dma.o(i.HAL_DMA_Init)
    HAL_GPIO_Init                            0x08000879   Thumb Code   454  stm32g0xx_hal_gpio.o(i.HAL_GPIO_Init)
    HAL_GPIO_WritePin                        0x08000a51   Thumb Code    12  stm32g0xx_hal_gpio.o(i.HAL_GPIO_WritePin)
    HAL_GetTick                              0x08000a5d   Thumb Code     6  stm32g0xx_hal.o(i.HAL_GetTick)
    HAL_I2CEx_ConfigAnalogFilter             0x08000a69   Thumb Code   110  stm32g0xx_hal_i2c_ex.o(i.HAL_I2CEx_ConfigAnalogFilter)
    HAL_I2CEx_ConfigDigitalFilter            0x08000ad7   Thumb Code   112  stm32g0xx_hal_i2c_ex.o(i.HAL_I2CEx_ConfigDigitalFilter)
    HAL_I2C_AbortCpltCallback                0x08000b47   Thumb Code     2  stm32g0xx_hal_i2c.o(i.HAL_I2C_AbortCpltCallback)
    HAL_I2C_AddrCallback                     0x08000b49   Thumb Code     2  stm32g0xx_hal_i2c.o(i.HAL_I2C_AddrCallback)
    HAL_I2C_ER_IRQHandler                    0x08000b4b   Thumb Code   140  stm32g0xx_hal_i2c.o(i.HAL_I2C_ER_IRQHandler)
    HAL_I2C_EV_IRQHandler                    0x08000bd7   Thumb Code    30  stm32g0xx_hal_i2c.o(i.HAL_I2C_EV_IRQHandler)
    HAL_I2C_ErrorCallback                    0x08000bf5   Thumb Code     2  stm32g0xx_hal_i2c.o(i.HAL_I2C_ErrorCallback)
    HAL_I2C_Init                             0x08000bf9   Thumb Code   232  stm32g0xx_hal_i2c.o(i.HAL_I2C_Init)
    HAL_I2C_ListenCpltCallback               0x08000ce5   Thumb Code     2  stm32g0xx_hal_i2c.o(i.HAL_I2C_ListenCpltCallback)
    HAL_I2C_MspInit                          0x08000ce9   Thumb Code   158  i2c.o(i.HAL_I2C_MspInit)
    HAL_I2C_SlaveRxCpltCallback              0x08000d95   Thumb Code     2  stm32g0xx_hal_i2c.o(i.HAL_I2C_SlaveRxCpltCallback)
    HAL_I2C_SlaveTxCpltCallback              0x08000d97   Thumb Code     2  stm32g0xx_hal_i2c.o(i.HAL_I2C_SlaveTxCpltCallback)
    HAL_IWDG_Init                            0x08000d99   Thumb Code   110  stm32g0xx_hal_iwdg.o(i.HAL_IWDG_Init)
    HAL_IncTick                              0x08000e15   Thumb Code    16  stm32g0xx_hal.o(i.HAL_IncTick)
    HAL_Init                                 0x08000e2d   Thumb Code    40  stm32g0xx_hal.o(i.HAL_Init)
    HAL_InitTick                             0x08000e59   Thumb Code    82  stm32g0xx_hal.o(i.HAL_InitTick)
    HAL_MspInit                              0x08000eb9   Thumb Code    64  stm32g0xx_hal_msp.o(i.HAL_MspInit)
    HAL_NVIC_EnableIRQ                       0x08000efd   Thumb Code    30  stm32g0xx_hal_cortex.o(i.HAL_NVIC_EnableIRQ)
    HAL_NVIC_SetPriority                     0x08000f21   Thumb Code    18  stm32g0xx_hal_cortex.o(i.HAL_NVIC_SetPriority)
    HAL_PWREx_ControlVoltageScaling          0x08000f35   Thumb Code    76  stm32g0xx_hal_pwr_ex.o(i.HAL_PWREx_ControlVoltageScaling)
    HAL_RCCEx_PeriphCLKConfig                0x08000f8d   Thumb Code   504  stm32g0xx_hal_rcc_ex.o(i.HAL_RCCEx_PeriphCLKConfig)
    HAL_RCC_ClockConfig                      0x08001191   Thumb Code   442  stm32g0xx_hal_rcc.o(i.HAL_RCC_ClockConfig)
    HAL_RCC_GetHCLKFreq                      0x08001365   Thumb Code     6  stm32g0xx_hal_rcc.o(i.HAL_RCC_GetHCLKFreq)
    HAL_RCC_GetPCLK1Freq                     0x08001371   Thumb Code    32  stm32g0xx_hal_rcc.o(i.HAL_RCC_GetPCLK1Freq)
    HAL_RCC_GetSysClockFreq                  0x08001399   Thumb Code   216  stm32g0xx_hal_rcc.o(i.HAL_RCC_GetSysClockFreq)
    HAL_RCC_OscConfig                        0x0800147d   Thumb Code  1434  stm32g0xx_hal_rcc.o(i.HAL_RCC_OscConfig)
    HAL_SYSTICK_Config                       0x08001a29   Thumb Code    46  stm32g0xx_hal_cortex.o(i.HAL_SYSTICK_Config)
    HAL_TIMEx_MasterConfigSynchronization    0x08001a61   Thumb Code   140  stm32g0xx_hal_tim_ex.o(i.HAL_TIMEx_MasterConfigSynchronization)
    HAL_TIM_Base_Init                        0x08001af9   Thumb Code   108  stm32g0xx_hal_tim.o(i.HAL_TIM_Base_Init)
    HAL_TIM_Base_MspInit                     0x08001b65   Thumb Code   116  tim.o(i.HAL_TIM_Base_MspInit)
    HAL_TIM_Base_Start_IT                    0x08001be5   Thumb Code   104  stm32g0xx_hal_tim.o(i.HAL_TIM_Base_Start_IT)
    HAL_TIM_ConfigClockSource                0x08001c5d   Thumb Code   276  stm32g0xx_hal_tim.o(i.HAL_TIM_ConfigClockSource)
    HAL_UARTEx_DisableFifoMode               0x08001d75   Thumb Code    84  stm32g0xx_hal_uart_ex.o(i.HAL_UARTEx_DisableFifoMode)
    HAL_UARTEx_RxEventCallback               0x08001dc9   Thumb Code     2  stm32g0xx_hal_uart.o(i.HAL_UARTEx_RxEventCallback)
    HAL_UARTEx_RxFifoFullCallback            0x08001dcb   Thumb Code     2  stm32g0xx_hal_uart_ex.o(i.HAL_UARTEx_RxFifoFullCallback)
    HAL_UARTEx_SetRxFifoThreshold            0x08001dcd   Thumb Code    96  stm32g0xx_hal_uart_ex.o(i.HAL_UARTEx_SetRxFifoThreshold)
    HAL_UARTEx_SetTxFifoThreshold            0x08001e2d   Thumb Code    94  stm32g0xx_hal_uart_ex.o(i.HAL_UARTEx_SetTxFifoThreshold)
    HAL_UARTEx_TxFifoEmptyCallback           0x08001e8b   Thumb Code     2  stm32g0xx_hal_uart_ex.o(i.HAL_UARTEx_TxFifoEmptyCallback)
    HAL_UARTEx_WakeupCallback                0x08001e8d   Thumb Code     2  stm32g0xx_hal_uart_ex.o(i.HAL_UARTEx_WakeupCallback)
    HAL_UART_ErrorCallback                   0x08001e8f   Thumb Code     2  stm32g0xx_hal_uart.o(i.HAL_UART_ErrorCallback)
    HAL_UART_IRQHandler                      0x08001e91   Thumb Code  1094  stm32g0xx_hal_uart.o(i.HAL_UART_IRQHandler)
    HAL_UART_Init                            0x080022d7   Thumb Code   130  stm32g0xx_hal_uart.o(i.HAL_UART_Init)
    HAL_UART_MspInit                         0x08002359   Thumb Code   644  usart.o(i.HAL_UART_MspInit)
    HAL_UART_TxCpltCallback                  0x08002605   Thumb Code     2  stm32g0xx_hal_uart.o(i.HAL_UART_TxCpltCallback)
    HardFault_Handler                        0x08002607   Thumb Code     4  stm32g0xx_it.o(i.HardFault_Handler)
    I2C1_IRQHandler                          0x0800260d   Thumb Code    34  stm32g0xx_it.o(i.I2C1_IRQHandler)
    MX_CRC_Init                              0x08002e2d   Thumb Code    44  crc.o(i.MX_CRC_Init)
    MX_DMA_Init                              0x08002e61   Thumb Code    80  dma.o(i.MX_DMA_Init)
    MX_GPIO_Init                             0x08002eb5   Thumb Code   218  gpio.o(i.MX_GPIO_Init)
    MX_I2C1_Init                             0x08002fa5   Thumb Code    80  i2c.o(i.MX_I2C1_Init)
    MX_IWDG_Init                             0x08003001   Thumb Code    36  iwdg.o(i.MX_IWDG_Init)
    MX_TIM1_Init                             0x0800302d   Thumb Code   118  tim.o(i.MX_TIM1_Init)
    MX_TIM3_Init                             0x080030ad   Thumb Code   112  tim.o(i.MX_TIM3_Init)
    MX_USART1_UART_Init                      0x08003125   Thumb Code   106  usart.o(i.MX_USART1_UART_Init)
    MX_USART3_UART_Init                      0x08003199   Thumb Code    66  usart.o(i.MX_USART3_UART_Init)
    NMI_Handler                              0x080031e9   Thumb Code     4  stm32g0xx_it.o(i.NMI_Handler)
    PendSV_Handler                           0x080031ed   Thumb Code     2  stm32g0xx_it.o(i.PendSV_Handler)
    SVC_Handler                              0x080031ef   Thumb Code     2  stm32g0xx_it.o(i.SVC_Handler)
    SysTick_Handler                          0x080031f1   Thumb Code     8  stm32g0xx_it.o(i.SysTick_Handler)
    SystemClock_Config                       0x080031f9   Thumb Code   124  main.o(i.SystemClock_Config)
    SystemInit                               0x08003275   Thumb Code     2  system_stm32g0xx.o(i.SystemInit)
    TIM1_BRK_UP_TRG_COM_IRQHandler           0x08003279   Thumb Code    68  tim.o(i.TIM1_BRK_UP_TRG_COM_IRQHandler)
    TIM3_IRQHandler                          0x080032c5   Thumb Code    68  tim.o(i.TIM3_IRQHandler)
    TIM_Base_SetConfig                       0x08003311   Thumb Code   152  stm32g0xx_hal_tim.o(i.TIM_Base_SetConfig)
    TIM_ETR_SetConfig                        0x080033c1   Thumb Code    28  stm32g0xx_hal_tim.o(i.TIM_ETR_SetConfig)
    UART_AdvFeatureConfig                    0x080034c1   Thumb Code   240  stm32g0xx_hal_uart.o(i.UART_AdvFeatureConfig)
    UART_CheckIdleState                      0x080035b1   Thumb Code   254  stm32g0xx_hal_uart.o(i.UART_CheckIdleState)
    UART_SetConfig                           0x08003789   Thumb Code   520  stm32g0xx_hal_uart.o(i.UART_SetConfig)
    UART_WaitOnFlagUntilTimeout              0x080039b9   Thumb Code   180  stm32g0xx_hal_uart.o(i.UART_WaitOnFlagUntilTimeout)
    USART1_IRQHandler                        0x08003a6d   Thumb Code   134  usart.o(i.USART1_IRQHandler)
    USART3_4_IRQHandler                      0x08003b05   Thumb Code    10  stm32g0xx_it.o(i.USART3_4_IRQHandler)
    main                                     0x08003b99   Thumb Code    48  main.o(i.main)
    UARTPrescTable                           0x08003bd0   Data          24  stm32g0xx_hal_uart.o(.constdata)
    AHBPrescTable                            0x08003c08   Data          64  system_stm32g0xx.o(.constdata)
    APBPrescTable                            0x08003c48   Data          32  system_stm32g0xx.o(.constdata)
    Region$$Table$$Base                      0x08003c68   Number         0  anon$$obj.o(Region$$Table)
    Region$$Table$$Limit                     0x08003c88   Number         0  anon$$obj.o(Region$$Table)
    Timer1_Bt                                0x20000000   Data           1  tim.o(.data)
    Timer3_Bt                                0x20000001   Data           1  tim.o(.data)
    uwTick                                   0x20000004   Data           4  stm32g0xx_hal.o(.data)
    uwTickPrio                               0x20000008   Data           4  stm32g0xx_hal.o(.data)
    uwTickFreq                               0x2000000c   Data           1  stm32g0xx_hal.o(.data)
    SystemCoreClock                          0x20000010   Data           4  system_stm32g0xx.o(.data)
    hcrc                                     0x20000014   Data          36  crc.o(.bss)
    hi2c1                                    0x20000038   Data          84  i2c.o(.bss)
    hiwdg                                    0x2000008c   Data          16  iwdg.o(.bss)
    htim1                                    0x2000009c   Data          76  tim.o(.bss)
    htim3                                    0x200000e8   Data          76  tim.o(.bss)
    modbus                                   0x20000134   Data        2006  usart.o(.bss)
    huart1                                   0x2000090c   Data         148  usart.o(.bss)
    huart3                                   0x200009a0   Data         148  usart.o(.bss)
    hdma_usart1_rx                           0x20000a34   Data          92  usart.o(.bss)
    hdma_usart1_tx                           0x20000a90   Data          92  usart.o(.bss)
    hdma_usart3_rx                           0x20000aec   Data          92  usart.o(.bss)
    hdma_usart3_tx                           0x20000b48   Data          92  usart.o(.bss)
    __libspace_start                         0x20000ba4   Data          96  libspace.o(.bss)
    __temporary_stack_top$libspace           0x20000c04   Data           0  libspace.o(.bss)



==============================================================================

Memory Map of the image

  Image Entry point : 0x080000b9

  Load Region LR_IROM1 (Base: 0x08000000, Size: 0x00003c9c, Max: 0x00020000, ABSOLUTE)

    Execution Region ER_IROM1 (Exec base: 0x08000000, Load base: 0x08000000, Size: 0x00003c88, Max: 0x00020000, ABSOLUTE)

    Exec Addr    Load Addr    Size         Type   Attr      Idx    E Section Name        Object

    0x08000000   0x08000000   0x000000b8   Data   RO          584    RESET               startup_stm32g070xx.o
    0x080000b8   0x080000b8   0x00000008   Code   RO         6130  * !!!main             c_p.l(__main.o)
    0x080000c0   0x080000c0   0x0000003c   Code   RO         6326    !!!scatter          c_p.l(__scatter.o)
    0x080000fc   0x080000fc   0x0000001a   Code   RO         6328    !!handler_copy      c_p.l(__scatter_copy.o)
    0x08000116   0x08000116   0x00000002   PAD
    0x08000118   0x08000118   0x0000001c   Code   RO         6330    !!handler_zi        c_p.l(__scatter_zi.o)
    0x08000134   0x08000134   0x00000002   Code   RO         6194    .ARM.Collect$$libinit$$00000000  c_p.l(libinit.o)
    0x08000136   0x08000136   0x00000000   Code   RO         6210    .ARM.Collect$$libinit$$00000002  c_p.l(libinit2.o)
    0x08000136   0x08000136   0x00000000   Code   RO         6212    .ARM.Collect$$libinit$$00000004  c_p.l(libinit2.o)
    0x08000136   0x08000136   0x00000000   Code   RO         6215    .ARM.Collect$$libinit$$0000000A  c_p.l(libinit2.o)
    0x08000136   0x08000136   0x00000000   Code   RO         6217    .ARM.Collect$$libinit$$0000000C  c_p.l(libinit2.o)
    0x08000136   0x08000136   0x00000000   Code   RO         6219    .ARM.Collect$$libinit$$0000000E  c_p.l(libinit2.o)
    0x08000136   0x08000136   0x00000000   Code   RO         6222    .ARM.Collect$$libinit$$00000011  c_p.l(libinit2.o)
    0x08000136   0x08000136   0x00000000   Code   RO         6224    .ARM.Collect$$libinit$$00000013  c_p.l(libinit2.o)
    0x08000136   0x08000136   0x00000000   Code   RO         6226    .ARM.Collect$$libinit$$00000015  c_p.l(libinit2.o)
    0x08000136   0x08000136   0x00000000   Code   RO         6228    .ARM.Collect$$libinit$$00000017  c_p.l(libinit2.o)
    0x08000136   0x08000136   0x00000000   Code   RO         6230    .ARM.Collect$$libinit$$00000019  c_p.l(libinit2.o)
    0x08000136   0x08000136   0x00000000   Code   RO         6232    .ARM.Collect$$libinit$$0000001B  c_p.l(libinit2.o)
    0x08000136   0x08000136   0x00000000   Code   RO         6234    .ARM.Collect$$libinit$$0000001D  c_p.l(libinit2.o)
    0x08000136   0x08000136   0x00000000   Code   RO         6236    .ARM.Collect$$libinit$$0000001F  c_p.l(libinit2.o)
    0x08000136   0x08000136   0x00000000   Code   RO         6238    .ARM.Collect$$libinit$$00000021  c_p.l(libinit2.o)
    0x08000136   0x08000136   0x00000000   Code   RO         6240    .ARM.Collect$$libinit$$00000023  c_p.l(libinit2.o)
    0x08000136   0x08000136   0x00000000   Code   RO         6242    .ARM.Collect$$libinit$$00000025  c_p.l(libinit2.o)
    0x08000136   0x08000136   0x00000000   Code   RO         6246    .ARM.Collect$$libinit$$0000002C  c_p.l(libinit2.o)
    0x08000136   0x08000136   0x00000000   Code   RO         6248    .ARM.Collect$$libinit$$0000002E  c_p.l(libinit2.o)
    0x08000136   0x08000136   0x00000000   Code   RO         6250    .ARM.Collect$$libinit$$00000030  c_p.l(libinit2.o)
    0x08000136   0x08000136   0x00000000   Code   RO         6252    .ARM.Collect$$libinit$$00000032  c_p.l(libinit2.o)
    0x08000136   0x08000136   0x00000002   Code   RO         6253    .ARM.Collect$$libinit$$00000033  c_p.l(libinit2.o)
    0x08000138   0x08000138   0x00000002   Code   RO         6284    .ARM.Collect$$libshutdown$$00000000  c_p.l(libshutdown.o)
    0x0800013a   0x0800013a   0x00000000   Code   RO         6311    .ARM.Collect$$libshutdown$$00000003  c_p.l(libshutdown2.o)
    0x0800013a   0x0800013a   0x00000000   Code   RO         6314    .ARM.Collect$$libshutdown$$00000006  c_p.l(libshutdown2.o)
    0x0800013a   0x0800013a   0x00000000   Code   RO         6317    .ARM.Collect$$libshutdown$$00000009  c_p.l(libshutdown2.o)
    0x0800013a   0x0800013a   0x00000000   Code   RO         6319    .ARM.Collect$$libshutdown$$0000000B  c_p.l(libshutdown2.o)
    0x0800013a   0x0800013a   0x00000000   Code   RO         6322    .ARM.Collect$$libshutdown$$0000000E  c_p.l(libshutdown2.o)
    0x0800013a   0x0800013a   0x00000002   Code   RO         6323    .ARM.Collect$$libshutdown$$0000000F  c_p.l(libshutdown2.o)
    0x0800013c   0x0800013c   0x00000000   Code   RO         6151    .ARM.Collect$$rtentry$$00000000  c_p.l(__rtentry.o)
    0x0800013c   0x0800013c   0x00000000   Code   RO         6160    .ARM.Collect$$rtentry$$00000002  c_p.l(__rtentry2.o)
    0x0800013c   0x0800013c   0x00000006   Code   RO         6172    .ARM.Collect$$rtentry$$00000004  c_p.l(__rtentry4.o)
    0x08000142   0x08000142   0x00000000   Code   RO         6162    .ARM.Collect$$rtentry$$00000009  c_p.l(__rtentry2.o)
    0x08000142   0x08000142   0x00000004   Code   RO         6163    .ARM.Collect$$rtentry$$0000000A  c_p.l(__rtentry2.o)
    0x08000146   0x08000146   0x00000000   Code   RO         6165    .ARM.Collect$$rtentry$$0000000C  c_p.l(__rtentry2.o)
    0x08000146   0x08000146   0x00000008   Code   RO         6166    .ARM.Collect$$rtentry$$0000000D  c_p.l(__rtentry2.o)
    0x0800014e   0x0800014e   0x00000002   Code   RO         6201    .ARM.Collect$$rtexit$$00000000  c_p.l(rtexit.o)
    0x08000150   0x08000150   0x00000000   Code   RO         6257    .ARM.Collect$$rtexit$$00000002  c_p.l(rtexit2.o)
    0x08000150   0x08000150   0x00000004   Code   RO         6258    .ARM.Collect$$rtexit$$00000003  c_p.l(rtexit2.o)
    0x08000154   0x08000154   0x00000006   Code   RO         6259    .ARM.Collect$$rtexit$$00000004  c_p.l(rtexit2.o)
    0x0800015a   0x0800015a   0x00000002   PAD
    0x0800015c   0x0800015c   0x00000038   Code   RO          585    .text               startup_stm32g070xx.o
    0x08000194   0x08000194   0x00000040   Code   RO         6122    .text               c_p.l(rt_memclr.o)
    0x080001d4   0x080001d4   0x0000015a   Code   RO         6124    .text               c_p.l(aeabi_sdiv.o)
    0x0800032e   0x0800032e   0x00000006   Code   RO         6128    .text               c_p.l(heapauxi.o)
    0x08000334   0x08000334   0x0000003e   Code   RO         6180    .text               c_p.l(sys_stackheap_outer.o)
    0x08000372   0x08000372   0x0000000c   Code   RO         6183    .text               c_p.l(exit.o)
    0x0800037e   0x0800037e   0x00000002   PAD
    0x08000380   0x08000380   0x00000008   Code   RO         6197    .text               c_p.l(libspace.o)
    0x08000388   0x08000388   0x0000000c   Code   RO         6254    .text               c_p.l(sys_exit.o)
    0x08000394   0x08000394   0x00000002   Code   RO         6273    .text               c_p.l(use_no_semi.o)
    0x08000396   0x08000396   0x00000000   Code   RO         6275    .text               c_p.l(indicate_semi.o)
    0x08000396   0x08000396   0x00000002   PAD
    0x08000398   0x08000398   0x00000010   Code   RO          482    i.DMA1_Ch4_7_DMAMUX1_OVR_IRQHandler  stm32g0xx_it.o
    0x080003a8   0x080003a8   0x00000010   Code   RO          483    i.DMA1_Channel1_IRQHandler  stm32g0xx_it.o
    0x080003b8   0x080003b8   0x00000018   Code   RO          484    i.DMA1_Channel2_3_IRQHandler  stm32g0xx_it.o
    0x080003d0   0x080003d0   0x00000034   Code   RO         1164    i.DMA_CalcDMAMUXChannelBaseAndMask  stm32g0xx_hal_dma.o
    0x08000404   0x08000404   0x00000028   Code   RO         1165    i.DMA_CalcDMAMUXRequestGenBaseAndMask  stm32g0xx_hal_dma.o
    0x0800042c   0x0800042c   0x00000006   Code   RO            3    i.Error_Handler     main.o
    0x08000432   0x08000432   0x00000076   Code   RO          698    i.HAL_CRCEx_Polynomial_Set  stm32g0xx_hal_crc_ex.o
    0x080004a8   0x080004a8   0x0000008c   Code   RO          634    i.HAL_CRC_Init      stm32g0xx_hal_crc.o
    0x08000534   0x08000534   0x00000030   Code   RO          219    i.HAL_CRC_MspInit   crc.o
    0x08000564   0x08000564   0x00000098   Code   RO         1167    i.HAL_DMA_Abort     stm32g0xx_hal_dma.o
    0x080005fc   0x080005fc   0x00000094   Code   RO         1168    i.HAL_DMA_Abort_IT  stm32g0xx_hal_dma.o
    0x08000690   0x08000690   0x00000008   Code   RO         1171    i.HAL_DMA_GetState  stm32g0xx_hal_dma.o
    0x08000698   0x08000698   0x00000120   Code   RO         1172    i.HAL_DMA_IRQHandler  stm32g0xx_hal_dma.o
    0x080007b8   0x080007b8   0x000000c0   Code   RO         1173    i.HAL_DMA_Init      stm32g0xx_hal_dma.o
    0x08000878   0x08000878   0x000001d8   Code   RO         1098    i.HAL_GPIO_Init     stm32g0xx_hal_gpio.o
    0x08000a50   0x08000a50   0x0000000c   Code   RO         1102    i.HAL_GPIO_WritePin  stm32g0xx_hal_gpio.o
    0x08000a5c   0x08000a5c   0x0000000c   Code   RO         1650    i.HAL_GetTick       stm32g0xx_hal.o
    0x08000a68   0x08000a68   0x0000006e   Code   RO         2370    i.HAL_I2CEx_ConfigAnalogFilter  stm32g0xx_hal_i2c_ex.o
    0x08000ad6   0x08000ad6   0x00000070   Code   RO         2371    i.HAL_I2CEx_ConfigDigitalFilter  stm32g0xx_hal_i2c_ex.o
    0x08000b46   0x08000b46   0x00000002   Code   RO         1900    i.HAL_I2C_AbortCpltCallback  stm32g0xx_hal_i2c.o
    0x08000b48   0x08000b48   0x00000002   Code   RO         1901    i.HAL_I2C_AddrCallback  stm32g0xx_hal_i2c.o
    0x08000b4a   0x08000b4a   0x0000008c   Code   RO         1904    i.HAL_I2C_ER_IRQHandler  stm32g0xx_hal_i2c.o
    0x08000bd6   0x08000bd6   0x0000001e   Code   RO         1905    i.HAL_I2C_EV_IRQHandler  stm32g0xx_hal_i2c.o
    0x08000bf4   0x08000bf4   0x00000002   Code   RO         1907    i.HAL_I2C_ErrorCallback  stm32g0xx_hal_i2c.o
    0x08000bf6   0x08000bf6   0x00000002   PAD
    0x08000bf8   0x08000bf8   0x000000ec   Code   RO         1911    i.HAL_I2C_Init      stm32g0xx_hal_i2c.o
    0x08000ce4   0x08000ce4   0x00000002   Code   RO         1913    i.HAL_I2C_ListenCpltCallback  stm32g0xx_hal_i2c.o
    0x08000ce6   0x08000ce6   0x00000002   PAD
    0x08000ce8   0x08000ce8   0x000000ac   Code   RO          280    i.HAL_I2C_MspInit   i2c.o
    0x08000d94   0x08000d94   0x00000002   Code   RO         1937    i.HAL_I2C_SlaveRxCpltCallback  stm32g0xx_hal_i2c.o
    0x08000d96   0x08000d96   0x00000002   Code   RO         1938    i.HAL_I2C_SlaveTxCpltCallback  stm32g0xx_hal_i2c.o
    0x08000d98   0x08000d98   0x0000007c   Code   RO         2422    i.HAL_IWDG_Init     stm32g0xx_hal_iwdg.o
    0x08000e14   0x08000e14   0x00000018   Code   RO         1656    i.HAL_IncTick       stm32g0xx_hal.o
    0x08000e2c   0x08000e2c   0x0000002c   Code   RO         1657    i.HAL_Init          stm32g0xx_hal.o
    0x08000e58   0x08000e58   0x00000060   Code   RO         1658    i.HAL_InitTick      stm32g0xx_hal.o
    0x08000eb8   0x08000eb8   0x00000044   Code   RO          562    i.HAL_MspInit       stm32g0xx_hal_msp.o
    0x08000efc   0x08000efc   0x00000024   Code   RO         1522    i.HAL_NVIC_EnableIRQ  stm32g0xx_hal_cortex.o
    0x08000f20   0x08000f20   0x00000012   Code   RO         1526    i.HAL_NVIC_SetPriority  stm32g0xx_hal_cortex.o
    0x08000f32   0x08000f32   0x00000002   PAD
    0x08000f34   0x08000f34   0x00000058   Code   RO         1403    i.HAL_PWREx_ControlVoltageScaling  stm32g0xx_hal_pwr_ex.o
    0x08000f8c   0x08000f8c   0x00000204   Code   RO          849    i.HAL_RCCEx_PeriphCLKConfig  stm32g0xx_hal_rcc_ex.o
    0x08001190   0x08001190   0x000001d4   Code   RO          731    i.HAL_RCC_ClockConfig  stm32g0xx_hal_rcc.o
    0x08001364   0x08001364   0x0000000c   Code   RO          737    i.HAL_RCC_GetHCLKFreq  stm32g0xx_hal_rcc.o
    0x08001370   0x08001370   0x00000028   Code   RO          739    i.HAL_RCC_GetPCLK1Freq  stm32g0xx_hal_rcc.o
    0x08001398   0x08001398   0x000000e4   Code   RO          741    i.HAL_RCC_GetSysClockFreq  stm32g0xx_hal_rcc.o
    0x0800147c   0x0800147c   0x000005ac   Code   RO          745    i.HAL_RCC_OscConfig  stm32g0xx_hal_rcc.o
    0x08001a28   0x08001a28   0x00000038   Code   RO         1530    i.HAL_SYSTICK_Config  stm32g0xx_hal_cortex.o
    0x08001a60   0x08001a60   0x00000098   Code   RO         3198    i.HAL_TIMEx_MasterConfigSynchronization  stm32g0xx_hal_tim_ex.o
    0x08001af8   0x08001af8   0x0000006c   Code   RO         2452    i.HAL_TIM_Base_Init  stm32g0xx_hal_tim.o
    0x08001b64   0x08001b64   0x00000080   Code   RO          346    i.HAL_TIM_Base_MspInit  tim.o
    0x08001be4   0x08001be4   0x00000078   Code   RO         2457    i.HAL_TIM_Base_Start_IT  stm32g0xx_hal_tim.o
    0x08001c5c   0x08001c5c   0x00000118   Code   RO         2461    i.HAL_TIM_ConfigClockSource  stm32g0xx_hal_tim.o
    0x08001d74   0x08001d74   0x00000054   Code   RO         3907    i.HAL_UARTEx_DisableFifoMode  stm32g0xx_hal_uart_ex.o
    0x08001dc8   0x08001dc8   0x00000002   Code   RO         3485    i.HAL_UARTEx_RxEventCallback  stm32g0xx_hal_uart.o
    0x08001dca   0x08001dca   0x00000002   Code   RO         3915    i.HAL_UARTEx_RxFifoFullCallback  stm32g0xx_hal_uart_ex.o
    0x08001dcc   0x08001dcc   0x00000060   Code   RO         3916    i.HAL_UARTEx_SetRxFifoThreshold  stm32g0xx_hal_uart_ex.o
    0x08001e2c   0x08001e2c   0x0000005e   Code   RO         3917    i.HAL_UARTEx_SetTxFifoThreshold  stm32g0xx_hal_uart_ex.o
    0x08001e8a   0x08001e8a   0x00000002   Code   RO         3919    i.HAL_UARTEx_TxFifoEmptyCallback  stm32g0xx_hal_uart_ex.o
    0x08001e8c   0x08001e8c   0x00000002   Code   RO         3920    i.HAL_UARTEx_WakeupCallback  stm32g0xx_hal_uart_ex.o
    0x08001e8e   0x08001e8e   0x00000002   Code   RO         3501    i.HAL_UART_ErrorCallback  stm32g0xx_hal_uart.o
    0x08001e90   0x08001e90   0x00000446   Code   RO         3504    i.HAL_UART_IRQHandler  stm32g0xx_hal_uart.o
    0x080022d6   0x080022d6   0x00000082   Code   RO         3505    i.HAL_UART_Init     stm32g0xx_hal_uart.o
    0x08002358   0x08002358   0x000002ac   Code   RO          404    i.HAL_UART_MspInit  usart.o
    0x08002604   0x08002604   0x00000002   Code   RO         3517    i.HAL_UART_TxCpltCallback  stm32g0xx_hal_uart.o
    0x08002606   0x08002606   0x00000004   Code   RO          485    i.HardFault_Handler  stm32g0xx_it.o
    0x0800260a   0x0800260a   0x00000002   PAD
    0x0800260c   0x0800260c   0x00000028   Code   RO          486    i.I2C1_IRQHandler   stm32g0xx_it.o
    0x08002634   0x08002634   0x00000026   Code   RO         1950    i.I2C_DMAAbort      stm32g0xx_hal_i2c.o
    0x0800265a   0x0800265a   0x00000074   Code   RO         1956    i.I2C_Disable_IRQ   stm32g0xx_hal_i2c.o
    0x080026ce   0x080026ce   0x00000032   Code   RO         1958    i.I2C_Flush_TXDR    stm32g0xx_hal_i2c.o
    0x08002700   0x08002700   0x000000d0   Code   RO         1959    i.I2C_ITAddrCplt    stm32g0xx_hal_i2c.o
    0x080027d0   0x080027d0   0x0000015c   Code   RO         1960    i.I2C_ITError       stm32g0xx_hal_i2c.o
    0x0800292c   0x0800292c   0x00000078   Code   RO         1961    i.I2C_ITListenCplt  stm32g0xx_hal_i2c.o
    0x080029a4   0x080029a4   0x0000022c   Code   RO         1964    i.I2C_ITSlaveCplt   stm32g0xx_hal_i2c.o
    0x08002bd0   0x08002bd0   0x0000009c   Code   RO         1965    i.I2C_ITSlaveSeqCplt  stm32g0xx_hal_i2c.o
    0x08002c6c   0x08002c6c   0x00000180   Code   RO         1974    i.I2C_Slave_ISR_IT  stm32g0xx_hal_i2c.o
    0x08002dec   0x08002dec   0x0000003e   Code   RO         1976    i.I2C_TreatErrorCallback  stm32g0xx_hal_i2c.o
    0x08002e2a   0x08002e2a   0x00000002   PAD
    0x08002e2c   0x08002e2c   0x00000034   Code   RO          220    i.MX_CRC_Init       crc.o
    0x08002e60   0x08002e60   0x00000054   Code   RO          257    i.MX_DMA_Init       dma.o
    0x08002eb4   0x08002eb4   0x000000f0   Code   RO          196    i.MX_GPIO_Init      gpio.o
    0x08002fa4   0x08002fa4   0x0000005c   Code   RO          281    i.MX_I2C1_Init      i2c.o
    0x08003000   0x08003000   0x0000002c   Code   RO          318    i.MX_IWDG_Init      iwdg.o
    0x0800302c   0x0800302c   0x00000080   Code   RO          347    i.MX_TIM1_Init      tim.o
    0x080030ac   0x080030ac   0x00000078   Code   RO          348    i.MX_TIM3_Init      tim.o
    0x08003124   0x08003124   0x00000074   Code   RO          405    i.MX_USART1_UART_Init  usart.o
    0x08003198   0x08003198   0x00000050   Code   RO          406    i.MX_USART3_UART_Init  usart.o
    0x080031e8   0x080031e8   0x00000004   Code   RO          487    i.NMI_Handler       stm32g0xx_it.o
    0x080031ec   0x080031ec   0x00000002   Code   RO          488    i.PendSV_Handler    stm32g0xx_it.o
    0x080031ee   0x080031ee   0x00000002   Code   RO          489    i.SVC_Handler       stm32g0xx_it.o
    0x080031f0   0x080031f0   0x00000008   Code   RO          490    i.SysTick_Handler   stm32g0xx_it.o
    0x080031f8   0x080031f8   0x0000007c   Code   RO            4    i.SystemClock_Config  main.o
    0x08003274   0x08003274   0x00000002   Code   RO         4038    i.SystemInit        system_stm32g0xx.o
    0x08003276   0x08003276   0x00000002   PAD
    0x08003278   0x08003278   0x0000004c   Code   RO          349    i.TIM1_BRK_UP_TRG_COM_IRQHandler  tim.o
    0x080032c4   0x080032c4   0x0000004c   Code   RO          350    i.TIM3_IRQHandler   tim.o
    0x08003310   0x08003310   0x000000b0   Code   RO         2545    i.TIM_Base_SetConfig  stm32g0xx_hal_tim.o
    0x080033c0   0x080033c0   0x0000001c   Code   RO         2556    i.TIM_ETR_SetConfig  stm32g0xx_hal_tim.o
    0x080033dc   0x080033dc   0x00000018   Code   RO         2557    i.TIM_ITRx_SetConfig  stm32g0xx_hal_tim.o
    0x080033f4   0x080033f4   0x00000032   Code   RO         2565    i.TIM_TI1_ConfigInputStage  stm32g0xx_hal_tim.o
    0x08003426   0x08003426   0x00000032   Code   RO         2567    i.TIM_TI2_ConfigInputStage  stm32g0xx_hal_tim.o
    0x08003458   0x08003458   0x00000068   Code   RO         3921    i.UARTEx_SetNbDataToProcess  stm32g0xx_hal_uart_ex.o
    0x080034c0   0x080034c0   0x000000f0   Code   RO         3519    i.UART_AdvFeatureConfig  stm32g0xx_hal_uart.o
    0x080035b0   0x080035b0   0x00000104   Code   RO         3520    i.UART_CheckIdleState  stm32g0xx_hal_uart.o
    0x080036b4   0x080036b4   0x00000018   Code   RO         3521    i.UART_DMAAbortOnError  stm32g0xx_hal_uart.o
    0x080036cc   0x080036cc   0x00000084   Code   RO         3531    i.UART_EndRxTransfer  stm32g0xx_hal_uart.o
    0x08003750   0x08003750   0x00000038   Code   RO         3532    i.UART_EndTransmit_IT  stm32g0xx_hal_uart.o
    0x08003788   0x08003788   0x00000230   Code   RO         3538    i.UART_SetConfig    stm32g0xx_hal_uart.o
    0x080039b8   0x080039b8   0x000000b4   Code   RO         3545    i.UART_WaitOnFlagUntilTimeout  stm32g0xx_hal_uart.o
    0x08003a6c   0x08003a6c   0x00000098   Code   RO          407    i.USART1_IRQHandler  usart.o
    0x08003b04   0x08003b04   0x00000010   Code   RO          491    i.USART3_4_IRQHandler  stm32g0xx_it.o
    0x08003b14   0x08003b14   0x00000078   Code   RO         1532    i.__NVIC_SetPriority  stm32g0xx_hal_cortex.o
    0x08003b8c   0x08003b8c   0x00000006   Code   RO         3546    i.__get_PRIMASK     stm32g0xx_hal_uart.o
    0x08003b92   0x08003b92   0x00000006   Code   RO         3547    i.__set_PRIMASK     stm32g0xx_hal_uart.o
    0x08003b98   0x08003b98   0x00000030   Code   RO            5    i.main              main.o
    0x08003bc8   0x08003bc8   0x00000020   Data   RO         3548    .constdata          stm32g0xx_hal_uart.o
    0x08003be8   0x08003be8   0x00000017   Data   RO         3925    .constdata          stm32g0xx_hal_uart_ex.o
    0x08003bff   0x08003bff   0x00000001   PAD
    0x08003c00   0x08003c00   0x00000068   Data   RO         4039    .constdata          system_stm32g0xx.o
    0x08003c68   0x08003c68   0x00000020   Data   RO         6324    Region$$Table       anon$$obj.o


    Execution Region RW_IRAM1 (Exec base: 0x20000000, Load base: 0x08003c88, Size: 0x00001208, Max: 0x00009000, ABSOLUTE)

    Exec Addr    Load Addr    Size         Type   Attr      Idx    E Section Name        Object

    0x20000000   0x08003c88   0x00000002   Data   RW          353    .data               tim.o
    0x20000002   0x08003c8a   0x00000002   PAD
    0x20000004   0x08003c8c   0x00000009   Data   RW         1670    .data               stm32g0xx_hal.o
    0x2000000d   0x08003c95   0x00000003   PAD
    0x20000010   0x08003c98   0x00000004   Data   RW         4040    .data               system_stm32g0xx.o
    0x20000014        -       0x00000024   Zero   RW          221    .bss                crc.o
    0x20000038        -       0x00000054   Zero   RW          282    .bss                i2c.o
    0x2000008c        -       0x00000010   Zero   RW          319    .bss                iwdg.o
    0x2000009c        -       0x00000098   Zero   RW          351    .bss                tim.o
    0x20000134        -       0x00000a70   Zero   RW          411    .bss                usart.o
    0x20000ba4        -       0x00000060   Zero   RW         6198    .bss                c_p.l(libspace.o)
    0x20000c04   0x08003c9c   0x00000004   PAD
    0x20000c08        -       0x00000200   Zero   RW          583    HEAP                startup_stm32g070xx.o
    0x20000e08        -       0x00000400   Zero   RW          582    STACK               startup_stm32g070xx.o


==============================================================================

Image component sizes


      Code (inc. data)   RO Data    RW Data    ZI Data      Debug   Object Name

       100         16          0          0         36       1567   crc.o
        84          4          0          0          0        790   dma.o
       240         22          0          0          0        983   gpio.o
       264         26          0          0         84       1777   i2c.o
        44          8          0          0         16        735   iwdg.o
       178          0          0          0          0     430521   main.o
        56         26        184          0       1536        644   startup_stm32g070xx.o
       176         32          0          9          0      15841   stm32g0xx_hal.o
       230         26          0          0          0      12173   stm32g0xx_hal_cortex.o
       140          6          0          0          0       1131   stm32g0xx_hal_crc.o
       118          0          0          0          0       1219   stm32g0xx_hal_crc_ex.o
       880         34          0          0          0       4966   stm32g0xx_hal_dma.o
         0          0          0          0          0       2732   stm32g0xx_hal_flash.o
       484         18          0          0          0       2000   stm32g0xx_hal_gpio.o
      2456         50          0          0          0      15191   stm32g0xx_hal_i2c.o
       222          0          0          0          0       1919   stm32g0xx_hal_i2c_ex.o
       124         14          0          0          0       1304   stm32g0xx_hal_iwdg.o
        68          4          0          0          0        866   stm32g0xx_hal_msp.o
        88         12          0          0          0        754   stm32g0xx_hal_pwr_ex.o
      2200         96          0          0          0      21173   stm32g0xx_hal_rcc.o
       516         12          0          0          0       1628   stm32g0xx_hal_rcc_ex.o
       836         50          0          0          0       6297   stm32g0xx_hal_tim.o
       152         12          0          0          0       1392   stm32g0xx_hal_tim_ex.o
      2694         68         32          0          0      30916   stm32g0xx_hal_uart.o
       384         10         23          0          0       5546   stm32g0xx_hal_uart_ex.o
       132         32          0          0          0       4683   stm32g0xx_it.o
         2          0        104          4          0       1199   system_stm32g0xx.o
       528         46          0          2        152       3446   tim.o
      1032         82          0          0       2672       4294   usart.o

    ----------------------------------------------------------------------
     14440        706        376         20       4496     577687   Object Totals
         0          0         32          0          0          0   (incl. Generated)
        12          0          1          5          0          0   (incl. Padding)

    ----------------------------------------------------------------------

      Code (inc. data)   RO Data    RW Data    ZI Data      Debug   Library Member Name

         8          0          0          0          0         68   __main.o
         0          0          0          0          0          0   __rtentry.o
        12          0          0          0          0          0   __rtentry2.o
         6          0          0          0          0          0   __rtentry4.o
        60          8          0          0          0          0   __scatter.o
        26          0          0          0          0          0   __scatter_copy.o
        28          0          0          0          0          0   __scatter_zi.o
       346          0          0          0          0         92   aeabi_sdiv.o
        12          0          0          0          0         64   exit.o
         6          0          0          0          0        136   heapauxi.o
         0          0          0          0          0          0   indicate_semi.o
         2          0          0          0          0          0   libinit.o
         2          0          0          0          0          0   libinit2.o
         2          0          0          0          0          0   libshutdown.o
         2          0          0          0          0          0   libshutdown2.o
         8          4          0          0         96         68   libspace.o
        64          0          0          0          0        108   rt_memclr.o
         2          0          0          0          0          0   rtexit.o
        10          0          0          0          0          0   rtexit2.o
        12          4          0          0          0         60   sys_exit.o
        62          0          0          0          0         80   sys_stackheap_outer.o
         2          0          0          0          0         68   use_no_semi.o

    ----------------------------------------------------------------------
       680         16          0          0        100        744   Library Totals
         8          0          0          0          4          0   (incl. Padding)

    ----------------------------------------------------------------------

      Code (inc. data)   RO Data    RW Data    ZI Data      Debug   Library Name

       672         16          0          0         96        744   c_p.l

    ----------------------------------------------------------------------
       680         16          0          0        100        744   Library Totals

    ----------------------------------------------------------------------

==============================================================================


      Code (inc. data)   RO Data    RW Data    ZI Data      Debug   

     15120        722        376         20       4596     573667   Grand Totals
     15120        722        376         20       4596     573667   ELF Image Totals
     15120        722        376         20          0          0   ROM Totals

==============================================================================

    Total RO  Size (Code + RO Data)                15496 (  15.13kB)
    Total RW  Size (RW Data + ZI Data)              4616 (   4.51kB)
    Total ROM Size (Code + RO Data + RW Data)      15516 (  15.15kB)

==============================================================================

